<html>
<body>
<pre>
<h1>µVision Build Log</h1>
<h2>Tool Versions:</h2>
IDE-Version: µVision V5.35.0.0
Copyright (C) 2021 ARM Ltd and ARM Germany GmbH. All rights reserved.
License Information: Nicolas DESARROLLO Redimec Flex license: MDK Essential 5.35 (Flex): 2 user(s) (mdk_essential) Support: Jul 2022
 
Tool Versions:
Toolchain:       MDK Essential 5.35 (Flex): 2 user(s)  Version: 5.35.0.2
Toolchain Path:  C:\Keil_v5\ARM\ARMCLANG\Bin
C Compiler:      ArmClang.exe V6.16
Assembler:       Armasm.exe V6.16
Linker/Locator:  ArmLink.exe V6.16
Library Manager: ArmAr.exe V6.16
Hex Converter:   FromElf.exe V6.16
CPU DLL:         SARMCM3.DLL V5.35.0.2
Dialog DLL:      DCM.DLL V1.17.3.0
Target DLL:      STLink\ST-LINKIII-KEIL_SWO.dll V3.0.9.0
Dialog DLL:      TCM.DLL V1.53.0.0
 
<h2>Project:</h2>
C:\Users\DESARROLLO\Desktop\Pruebas_ML\PROYECTO SKELETON\NUEVO ENCARE\Skeleton_Bootloader_UART_Updater\MDK-ARM\Skeleton_Bootloader.uvprojx
Project File Date:  09/08/2025

<h2>Output:</h2>
*** Using Compiler 'V6.16', folder: 'C:\Keil_v5\ARM\ARMCLANG\Bin'
Build target 'Skeleton_Bootloader'
compiling r_uart_callback.c...
compiling main.c...
linking...
Program Size: Code=13024 RO-data=1656 RW-data=20 ZI-data=4620  
FromELF: creating hex file...
"Skeleton_Bootloader\Skeleton_Bootloader.axf" - 0 Error(s), 0 Warning(s).

<h2>Software Packages used:</h2>

Package Vendor: ARM
                http://www.keil.com/pack/ARM.CMSIS.5.9.0.pack
                ARM.CMSIS.5.9.0
                CMSIS (Common Microcontroller Software Interface Standard)
   * Component: CORE Version: 5.6.0

Package Vendor: Keil
                https://www.keil.com/pack/Keil.STM32WLxx_DFP.1.2.0.pack
                Keil.STM32WLxx_DFP.1.2.0
                STMicroelectronics STM32WL Series Device Support

<h2>Collection of Component include folders:</h2>
  .\RTE\_Skeleton_Bootloader
  C:\Users\DESARROLLO\AppData\Local\Arm\Packs\ARM\CMSIS\5.9.0\CMSIS\Core\Include
  C:\Users\DESARROLLO\AppData\Local\Arm\Packs\Keil\STM32WLxx_DFP\1.2.0\Drivers\CMSIS\Device\ST\STM32WLxx\Include

<h2>Collection of Component Files used:</h2>

   * Component: ARM::CMSIS:CORE:5.6.0
      Include file:  CMSIS\Core\Include\tz_context.h
Build Time Elapsed:  00:00:04
</pre>
</body>
</html>
