Component: ARM Compiler 6.16 Tool: armlink [5dfeaa00]

==============================================================================

Section Cross References

    startup_stm32wle5xx.o(STACK) refers (Special) to heapauxi.o(.text) for __use_two_region_memory
    startup_stm32wle5xx.o(HEAP) refers (Special) to heapauxi.o(.text) for __use_two_region_memory
    startup_stm32wle5xx.o(RESET) refers (Special) to heapauxi.o(.text) for __use_two_region_memory
    startup_stm32wle5xx.o(RESET) refers to startup_stm32wle5xx.o(STACK) for __initial_sp
    startup_stm32wle5xx.o(RESET) refers to startup_stm32wle5xx.o(.text) for Reset_Handler
    startup_stm32wle5xx.o(RESET) refers to stm32wlxx_it.o(.text.NMI_Handler) for NMI_Handler
    startup_stm32wle5xx.o(RESET) refers to stm32wlxx_it.o(.text.HardFault_Handler) for HardFault_Handler
    startup_stm32wle5xx.o(RESET) refers to stm32wlxx_it.o(.text.MemManage_Handler) for MemManage_Handler
    startup_stm32wle5xx.o(RESET) refers to stm32wlxx_it.o(.text.BusFault_Handler) for BusFault_Handler
    startup_stm32wle5xx.o(RESET) refers to stm32wlxx_it.o(.text.UsageFault_Handler) for UsageFault_Handler
    startup_stm32wle5xx.o(RESET) refers to stm32wlxx_it.o(.text.SVC_Handler) for SVC_Handler
    startup_stm32wle5xx.o(RESET) refers to stm32wlxx_it.o(.text.DebugMon_Handler) for DebugMon_Handler
    startup_stm32wle5xx.o(RESET) refers to stm32wlxx_it.o(.text.PendSV_Handler) for PendSV_Handler
    startup_stm32wle5xx.o(RESET) refers to stm32wlxx_it.o(.text.SysTick_Handler) for SysTick_Handler
    startup_stm32wle5xx.o(RESET) refers to stm32wlxx_it.o(.text.USART1_IRQHandler) for USART1_IRQHandler
    startup_stm32wle5xx.o(RESET) refers to stm32wlxx_it.o(.text.USART2_IRQHandler) for USART2_IRQHandler
    startup_stm32wle5xx.o(.text) refers (Special) to heapauxi.o(.text) for __use_two_region_memory
    startup_stm32wle5xx.o(.text) refers to system_stm32wlxx.o(.text.SystemInit) for SystemInit
    startup_stm32wle5xx.o(.text) refers to __main.o(!!!main) for __main
    startup_stm32wle5xx.o(.text) refers to startup_stm32wle5xx.o(HEAP) for Heap_Mem
    startup_stm32wle5xx.o(.text) refers to startup_stm32wle5xx.o(STACK) for Stack_Mem
    main.o(.text.main) refers to stm32wlxx_hal.o(.text.HAL_Init) for HAL_Init
    main.o(.text.main) refers to main.o(.text.SystemClock_Config) for SystemClock_Config
    main.o(.text.main) refers to stm32wlxx_hal_gpio.o(.text.HAL_GPIO_WritePin) for HAL_GPIO_WritePin
    main.o(.text.main) refers to stm32wlxx_hal_gpio.o(.text.HAL_GPIO_Init) for HAL_GPIO_Init
    main.o(.text.main) refers to stm32wlxx_hal_crc.o(.text.HAL_CRC_Init) for HAL_CRC_Init
    main.o(.text.main) refers to rt_memclr_w.o(.text) for __aeabi_memclr4
    main.o(.text.main) refers to stm32wlxx_hal_uart.o(.text.HAL_UART_Init) for HAL_UART_Init
    main.o(.text.main) refers to stm32wlxx_hal_uart_ex.o(.text.HAL_UARTEx_SetTxFifoThreshold) for HAL_UARTEx_SetTxFifoThreshold
    main.o(.text.main) refers to stm32wlxx_hal_uart_ex.o(.text.HAL_UARTEx_SetRxFifoThreshold) for HAL_UARTEx_SetRxFifoThreshold
    main.o(.text.main) refers to stm32wlxx_hal_uart_ex.o(.text.HAL_UARTEx_DisableFifoMode) for HAL_UARTEx_DisableFifoMode
    main.o(.text.main) refers to stm32wlxx_hal_uart.o(.text.HAL_UART_Receive_IT) for HAL_UART_Receive_IT
    main.o(.text.main) refers to r_startup.o(.text.r_led_burst) for r_led_burst
    main.o(.text.main) refers to r_eeprom_structure.o(.text.r_init_eeprom_if_needed) for r_init_eeprom_if_needed
    main.o(.text.main) refers to r_eeprom_structure.o(.text.r_read_eeprom_data) for r_read_eeprom_data
    main.o(.text.main) refers to stm32wlxx_hal_uart.o(.text.HAL_UART_Transmit) for HAL_UART_Transmit
    main.o(.text.main) refers to r_routine_update.o(.text.r_receive_update) for r_receive_update
    main.o(.text.main) refers to r_startup.o(.text.r_go_to_app) for r_go_to_app
    main.o(.text.main) refers to main.o(.text.Error_Handler) for Error_Handler
    main.o(.text.main) refers to main.o(.text.LL_AHB2_GRP1_EnableClock) for LL_AHB2_GRP1_EnableClock
    main.o(.text.main) refers to main.o(.bss.hcrc) for hcrc
    main.o(.text.main) refers to main.o(.bss.huart1) for huart1
    main.o(.text.main) refers to main.o(.bss.huart2) for huart2
    main.o(.text.main) refers to main.o(.data.p_uart) for p_uart
    main.o(.text.main) refers to r_uart_callback.o(.bss..L_MergedGlobals) for s_rx_byte
    main.o(.ARM.exidx.text.main) refers to main.o(.text.main) for [Anonymous Symbol]
    main.o(.text.SystemClock_Config) refers to rt_memclr_w.o(.text) for __aeabi_memclr4
    main.o(.text.SystemClock_Config) refers to stm32wlxx_hal_pwr.o(.text.HAL_PWR_EnableBkUpAccess) for HAL_PWR_EnableBkUpAccess
    main.o(.text.SystemClock_Config) refers to stm32wlxx_hal_rcc.o(.text.HAL_RCC_OscConfig) for HAL_RCC_OscConfig
    main.o(.text.SystemClock_Config) refers to stm32wlxx_hal_rcc.o(.text.HAL_RCC_ClockConfig) for HAL_RCC_ClockConfig
[...]
    [Anonymous Symbol]                       0x08001c7c   Section        0  stm32wlxx_hal_flash_ex.o(.text.OUTLINED_FUNCTION_0)
    OUTLINED_FUNCTION_0                      0x08001c85   Thumb Code    20  stm32wlxx_hal_uart.o(.text.OUTLINED_FUNCTION_0)
    [Anonymous Symbol]                       0x08001c84   Section        0  stm32wlxx_hal_uart.o(.text.OUTLINED_FUNCTION_0)
    OUTLINED_FUNCTION_0                      0x08001c99   Thumb Code    28  stm32wlxx_hal_uart_ex.o(.text.OUTLINED_FUNCTION_0)
    [Anonymous Symbol]                       0x08001c98   Section        0  stm32wlxx_hal_uart_ex.o(.text.OUTLINED_FUNCTION_0)
    OUTLINED_FUNCTION_0                      0x08001cb5   Thumb Code    10  r_startup.o(.text.OUTLINED_FUNCTION_0)
    [Anonymous Symbol]                       0x08001cb4   Section        0  r_startup.o(.text.OUTLINED_FUNCTION_0)
    OUTLINED_FUNCTION_0                      0x08001cbf   Thumb Code    12  r_routine_update.o(.text.OUTLINED_FUNCTION_0)
    [Anonymous Symbol]                       0x08001cbe   Section        0  r_routine_update.o(.text.OUTLINED_FUNCTION_0)
    OUTLINED_FUNCTION_0                      0x08001ccb   Thumb Code     6  memcpy_s.o(.text.OUTLINED_FUNCTION_0)
    [Anonymous Symbol]                       0x08001cca   Section        0  memcpy_s.o(.text.OUTLINED_FUNCTION_0)
    OUTLINED_FUNCTION_1                      0x08001cd1   Thumb Code     6  stm32wlxx_hal_rcc.o(.text.OUTLINED_FUNCTION_1)
    [Anonymous Symbol]                       0x08001cd0   Section        0  stm32wlxx_hal_rcc.o(.text.OUTLINED_FUNCTION_1)
    OUTLINED_FUNCTION_1                      0x08001cd7   Thumb Code    18  stm32wlxx_hal_uart.o(.text.OUTLINED_FUNCTION_1)
    [Anonymous Symbol]                       0x08001cd6   Section        0  stm32wlxx_hal_uart.o(.text.OUTLINED_FUNCTION_1)
    OUTLINED_FUNCTION_1                      0x08001ce9   Thumb Code    18  stm32wlxx_hal_uart_ex.o(.text.OUTLINED_FUNCTION_1)
    [Anonymous Symbol]                       0x08001ce8   Section        0  stm32wlxx_hal_uart_ex.o(.text.OUTLINED_FUNCTION_1)
    OUTLINED_FUNCTION_1                      0x08001cfb   Thumb Code    10  r_routine_update.o(.text.OUTLINED_FUNCTION_1)
    [Anonymous Symbol]                       0x08001cfa   Section        0  r_routine_update.o(.text.OUTLINED_FUNCTION_1)
    OUTLINED_FUNCTION_12                     0x08001d05   Thumb Code    12  stm32wlxx_hal_uart.o(.text.OUTLINED_FUNCTION_12)
    [Anonymous Symbol]                       0x08001d04   Section        0  stm32wlxx_hal_uart.o(.text.OUTLINED_FUNCTION_12)
    OUTLINED_FUNCTION_13                     0x08001d11   Thumb Code    24  stm32wlxx_hal_uart.o(.text.OUTLINED_FUNCTION_13)
    [Anonymous Symbol]                       0x08001d10   Section        0  stm32wlxx_hal_uart.o(.text.OUTLINED_FUNCTION_13)
    OUTLINED_FUNCTION_14                     0x08001d29   Thumb Code    18  stm32wlxx_hal_uart.o(.text.OUTLINED_FUNCTION_14)
    [Anonymous Symbol]                       0x08001d28   Section        0  stm32wlxx_hal_uart.o(.text.OUTLINED_FUNCTION_14)
    OUTLINED_FUNCTION_16                     0x08001d3b   Thumb Code    18  stm32wlxx_hal_uart.o(.text.OUTLINED_FUNCTION_16)
    [Anonymous Symbol]                       0x08001d3a   Section        0  stm32wlxx_hal_uart.o(.text.OUTLINED_FUNCTION_16)
    OUTLINED_FUNCTION_17                     0x08001d4d   Thumb Code    18  stm32wlxx_hal_uart.o(.text.OUTLINED_FUNCTION_17)
    [Anonymous Symbol]                       0x08001d4c   Section        0  stm32wlxx_hal_uart.o(.text.OUTLINED_FUNCTION_17)
    OUTLINED_FUNCTION_18                     0x08001d5f   Thumb Code    18  stm32wlxx_hal_uart.o(.text.OUTLINED_FUNCTION_18)
    [Anonymous Symbol]                       0x08001d5e   Section        0  stm32wlxx_hal_uart.o(.text.OUTLINED_FUNCTION_18)
    OUTLINED_FUNCTION_19                     0x08001d71   Thumb Code    18  stm32wlxx_hal_uart.o(.text.OUTLINED_FUNCTION_19)
    [Anonymous Symbol]                       0x08001d70   Section        0  stm32wlxx_hal_uart.o(.text.OUTLINED_FUNCTION_19)
    OUTLINED_FUNCTION_2                      0x08001d83   Thumb Code    12  stm32wlxx_hal_rcc.o(.text.OUTLINED_FUNCTION_2)
    [Anonymous Symbol]                       0x08001d82   Section        0  stm32wlxx_hal_rcc.o(.text.OUTLINED_FUNCTION_2)
    OUTLINED_FUNCTION_2                      0x08001d8f   Thumb Code    22  stm32wlxx_hal_uart.o(.text.OUTLINED_FUNCTION_2)
    [Anonymous Symbol]                       0x08001d8e   Section        0  stm32wlxx_hal_uart.o(.text.OUTLINED_FUNCTION_2)
    OUTLINED_FUNCTION_2                      0x08001da5   Thumb Code    12  r_routine_update.o(.text.OUTLINED_FUNCTION_2)
    [Anonymous Symbol]                       0x08001da4   Section        0  r_routine_update.o(.text.OUTLINED_FUNCTION_2)
    OUTLINED_FUNCTION_21                     0x08001db1   Thumb Code    18  stm32wlxx_hal_uart.o(.text.OUTLINED_FUNCTION_21)
    [Anonymous Symbol]                       0x08001db0   Section        0  stm32wlxx_hal_uart.o(.text.OUTLINED_FUNCTION_21)
    OUTLINED_FUNCTION_22                     0x08001dc3   Thumb Code     8  stm32wlxx_hal_uart.o(.text.OUTLINED_FUNCTION_22)
    [Anonymous Symbol]                       0x08001dc2   Section        0  stm32wlxx_hal_uart.o(.text.OUTLINED_FUNCTION_22)
    OUTLINED_FUNCTION_23                     0x08001dcb   Thumb Code     8  stm32wlxx_hal_uart.o(.text.OUTLINED_FUNCTION_23)
    [Anonymous Symbol]                       0x08001dca   Section        0  stm32wlxx_hal_uart.o(.text.OUTLINED_FUNCTION_23)
    OUTLINED_FUNCTION_24                     0x08001dd3   Thumb Code    12  stm32wlxx_hal_uart.o(.text.OUTLINED_FUNCTION_24)
    [Anonymous Symbol]                       0x08001dd2   Section        0  stm32wlxx_hal_uart.o(.text.OUTLINED_FUNCTION_24)
    OUTLINED_FUNCTION_29                     0x08001ddf   Thumb Code    14  stm32wlxx_hal_uart.o(.text.OUTLINED_FUNCTION_29)
    [Anonymous Symbol]                       0x08001dde   Section        0  stm32wlxx_hal_uart.o(.text.OUTLINED_FUNCTION_29)
    OUTLINED_FUNCTION_3                      0x08001ded   Thumb Code    16  stm32wlxx_hal_rcc.o(.text.OUTLINED_FUNCTION_3)
    [Anonymous Symbol]                       0x08001dec   Section        0  stm32wlxx_hal_rcc.o(.text.OUTLINED_FUNCTION_3)
    OUTLINED_FUNCTION_3                      0x08001dfd   Thumb Code    14  stm32wlxx_hal_rcc_ex.o(.text.OUTLINED_FUNCTION_3)
    [Anonymous Symbol]                       0x08001dfc   Section        0  stm32wlxx_hal_rcc_ex.o(.text.OUTLINED_FUNCTION_3)
    OUTLINED_FUNCTION_3                      0x08001e0b   Thumb Code     8  stm32wlxx_hal_uart.o(.text.OUTLINED_FUNCTION_3)
    [Anonymous Symbol]                       0x08001e0a   Section        0  stm32wlxx_hal_uart.o(.text.OUTLINED_FUNCTION_3)
    OUTLINED_FUNCTION_3                      0x08001e13   Thumb Code    10  stm32wlxx_hal_uart_ex.o(.text.OUTLINED_FUNCTION_3)
    [Anonymous Symbol]                       0x08001e12   Section        0  stm32wlxx_hal_uart_ex.o(.text.OUTLINED_FUNCTION_3)
    OUTLINED_FUNCTION_3                      0x08001e1d   Thumb Code    10  r_routine_update.o(.text.OUTLINED_FUNCTION_3)
    [Anonymous Symbol]                       0x08001e1c   Section        0  r_routine_update.o(.text.OUTLINED_FUNCTION_3)
    OUTLINED_FUNCTION_31                     0x08001e27   Thumb Code    10  stm32wlxx_hal_uart.o(.text.OUTLINED_FUNCTION_31)
    [Anonymous Symbol]                       0x08001e26   Section        0  stm32wlxx_hal_uart.o(.text.OUTLINED_FUNCTION_31)
    OUTLINED_FUNCTION_32                     0x08001e31   Thumb Code    10  stm32wlxx_hal_uart.o(.text.OUTLINED_FUNCTION_32)
    [Anonymous Symbol]                       0x08001e30   Section        0  stm32wlxx_hal_uart.o(.text.OUTLINED_FUNCTION_32)
    OUTLINED_FUNCTION_34                     0x08001e3b   Thumb Code    14  stm32wlxx_hal_uart.o(.text.OUTLINED_FUNCTION_34)
    [Anonymous Symbol]                       0x08001e3a   Section        0  stm32wlxx_hal_uart.o(.text.OUTLINED_FUNCTION_34)
    OUTLINED_FUNCTION_35                     0x08001e49   Thumb Code    14  stm32wlxx_hal_uart.o(.text.OUTLINED_FUNCTION_35)
    [Anonymous Symbol]                       0x08001e48   Section        0  stm32wlxx_hal_uart.o(.text.OUTLINED_FUNCTION_35)
    OUTLINED_FUNCTION_36                     0x08001e57   Thumb Code    10  stm32wlxx_hal_uart.o(.text.OUTLINED_FUNCTION_36)
    [Anonymous Symbol]                       0x08001e56   Section        0  stm32wlxx_hal_uart.o(.text.OUTLINED_FUNCTION_36)
    OUTLINED_FUNCTION_37                     0x08001e61   Thumb Code     6  stm32wlxx_hal_uart.o(.text.OUTLINED_FUNCTION_37)
    [Anonymous Symbol]                       0x08001e60   Section        0  stm32wlxx_hal_uart.o(.text.OUTLINED_FUNCTION_37)
    OUTLINED_FUNCTION_38                     0x08001e67   Thumb Code     6  stm32wlxx_hal_uart.o(.text.OUTLINED_FUNCTION_38)
    [Anonymous Symbol]                       0x08001e66   Section        0  stm32wlxx_hal_uart.o(.text.OUTLINED_FUNCTION_38)
    OUTLINED_FUNCTION_39                     0x08001e6d   Thumb Code    10  stm32wlxx_hal_uart.o(.text.OUTLINED_FUNCTION_39)
    [Anonymous Symbol]                       0x08001e6c   Section        0  stm32wlxx_hal_uart.o(.text.OUTLINED_FUNCTION_39)
    OUTLINED_FUNCTION_4                      0x08001e77   Thumb Code     6  stm32wlxx_hal_rcc.o(.text.OUTLINED_FUNCTION_4)
    [Anonymous Symbol]                       0x08001e76   Section        0  stm32wlxx_hal_rcc.o(.text.OUTLINED_FUNCTION_4)
    OUTLINED_FUNCTION_5                      0x08001e7d   Thumb Code     8  stm32wlxx_hal_rcc.o(.text.OUTLINED_FUNCTION_5)
    [Anonymous Symbol]                       0x08001e7c   Section        0  stm32wlxx_hal_rcc.o(.text.OUTLINED_FUNCTION_5)
    OUTLINED_FUNCTION_5                      0x08001e85   Thumb Code     8  stm32wlxx_hal_uart.o(.text.OUTLINED_FUNCTION_5)
    [Anonymous Symbol]                       0x08001e84   Section        0  stm32wlxx_hal_uart.o(.text.OUTLINED_FUNCTION_5)
    OUTLINED_FUNCTION_5                      0x08001e8d   Thumb Code    10  stm32wlxx_hal_uart_ex.o(.text.OUTLINED_FUNCTION_5)
    [Anonymous Symbol]                       0x08001e8c   Section        0  stm32wlxx_hal_uart_ex.o(.text.OUTLINED_FUNCTION_5)
    OUTLINED_FUNCTION_6                      0x08001e97   Thumb Code     8  stm32wlxx_hal_rcc.o(.text.OUTLINED_FUNCTION_6)
    [Anonymous Symbol]                       0x08001e96   Section        0  stm32wlxx_hal_rcc.o(.text.OUTLINED_FUNCTION_6)
    OUTLINED_FUNCTION_7                      0x08001e9f   Thumb Code    20  stm32wlxx_hal_uart.o(.text.OUTLINED_FUNCTION_7)
    [Anonymous Symbol]                       0x08001e9e   Section        0  stm32wlxx_hal_uart.o(.text.OUTLINED_FUNCTION_7)
    OUTLINED_FUNCTION_8                      0x08001eb3   Thumb Code    20  stm32wlxx_hal_uart.o(.text.OUTLINED_FUNCTION_8)
    [Anonymous Symbol]                       0x08001eb2   Section        0  stm32wlxx_hal_uart.o(.text.OUTLINED_FUNCTION_8)
    OUTLINED_FUNCTION_9                      0x08001ec7   Thumb Code    12  stm32wlxx_hal_uart.o(.text.OUTLINED_FUNCTION_9)
    [Anonymous Symbol]                       0x08001ec6   Section        0  stm32wlxx_hal_uart.o(.text.OUTLINED_FUNCTION_9)
    [Anonymous Symbol]                       0x08001ed2   Section        0  stm32wlxx_it.o(.text.PendSV_Handler)
    RCC_SetFlashLatencyFromMSIRange          0x08001ed5   Thumb Code   132  stm32wlxx_hal_rcc.o(.text.RCC_SetFlashLatencyFromMSIRange)
    [Anonymous Symbol]                       0x08001ed4   Section        0  stm32wlxx_hal_rcc.o(.text.RCC_SetFlashLatencyFromMSIRange)
    __arm_cp.2_0                             0x08001f58   Number         4  stm32wlxx_hal_rcc.o(.text.RCC_SetFlashLatencyFromMSIRange)
    __arm_cp.2_1                             0x08001f5c   Number         4  stm32wlxx_hal_rcc.o(.text.RCC_SetFlashLatencyFromMSIRange)
    __arm_cp.2_2                             0x08001f60   Number         4  stm32wlxx_hal_rcc.o(.text.RCC_SetFlashLatencyFromMSIRange)
    __arm_cp.2_3                             0x08001f64   Number         4  stm32wlxx_hal_rcc.o(.text.RCC_SetFlashLatencyFromMSIRange)
    __arm_cp.2_4                             0x08001f68   Number         4  stm32wlxx_hal_rcc.o(.text.RCC_SetFlashLatencyFromMSIRange)
    __arm_cp.2_5                             0x08001f6c   Number         4  stm32wlxx_hal_rcc.o(.text.RCC_SetFlashLatencyFromMSIRange)
    __arm_cp.2_6                             0x08001f70   Number         4  stm32wlxx_hal_rcc.o(.text.RCC_SetFlashLatencyFromMSIRange)
    __arm_cp.2_7                             0x08001f74   Number         4  stm32wlxx_hal_rcc.o(.text.RCC_SetFlashLatencyFromMSIRange)
    [Anonymous Symbol]                       0x08001f78   Section        0  stm32wlxx_it.o(.text.SVC_Handler)
    [Anonymous Symbol]                       0x08001f7a   Section        0  stm32wlxx_it.o(.text.SysTick_Handler)
    [Anonymous Symbol]                       0x08001f80   Section        0  main.o(.text.SystemClock_Config)
    __arm_cp.1_0                             0x08001ff8   Number         4  main.o(.text.SystemClock_Config)
    __arm_cp.1_1                             0x08001ffc   Number         4  main.o(.text.SystemClock_Config)
    [Anonymous Symbol]                       0x08002000   Section        0  system_stm32wlxx.o(.text.SystemInit)
    UARTEx_SetNbDataToProcess                0x08002005   Thumb Code    60  stm32wlxx_hal_uart_ex.o(.text.UARTEx_SetNbDataToProcess)
    [Anonymous Symbol]                       0x08002004   Section        0  stm32wlxx_hal_uart_ex.o(.text.UARTEx_SetNbDataToProcess)
    __arm_cp.9_0                             0x08002040   Number         4  stm32wlxx_hal_uart_ex.o(.text.UARTEx_SetNbDataToProcess)
    __arm_cp.9_1                             0x08002044   Number         4  stm32wlxx_hal_uart_ex.o(.text.UARTEx_SetNbDataToProcess)
    [Anonymous Symbol]                       0x08002048   Section        0  stm32wlxx_hal_uart.o(.text.UART_AdvFeatureConfig)
    [Anonymous Symbol]                       0x080020f0   Section        0  stm32wlxx_hal_uart.o(.text.UART_CheckIdleState)
    UART_DMAAbortOnError                     0x0800213f   Thumb Code    16  stm32wlxx_hal_uart.o(.text.UART_DMAAbortOnError)
    [Anonymous Symbol]                       0x0800213e   Section        0  stm32wlxx_hal_uart.o(.text.UART_DMAAbortOnError)
    UART_EndRxTransfer                       0x08002151   Thumb Code    56  stm32wlxx_hal_uart.o(.text.UART_EndRxTransfer)
    [Anonymous Symbol]                       0x08002150   Section        0  stm32wlxx_hal_uart.o(.text.UART_EndRxTransfer)
    UART_RxISR_16BIT                         0x08002189   Thumb Code   172  stm32wlxx_hal_uart.o(.text.UART_RxISR_16BIT)
    [Anonymous Symbol]                       0x08002188   Section        0  stm32wlxx_hal_uart.o(.text.UART_RxISR_16BIT)
    UART_RxISR_16BIT_FIFOEN                  0x08002235   Thumb Code   316  stm32wlxx_hal_uart.o(.text.UART_RxISR_16BIT_FIFOEN)
    [Anonymous Symbol]                       0x08002234   Section        0  stm32wlxx_hal_uart.o(.text.UART_RxISR_16BIT_FIFOEN)
    __arm_cp.63_0                            0x08002370   Number         4  stm32wlxx_hal_uart.o(.text.UART_RxISR_16BIT_FIFOEN)
    __arm_cp.63_1                            0x08002374   Number         4  stm32wlxx_hal_uart.o(.text.UART_RxISR_16BIT_FIFOEN)
    UART_RxISR_8BIT                          0x08002379   Thumb Code   172  stm32wlxx_hal_uart.o(.text.UART_RxISR_8BIT)
    [Anonymous Symbol]                       0x08002378   Section        0  stm32wlxx_hal_uart.o(.text.UART_RxISR_8BIT)
    UART_RxISR_8BIT_FIFOEN                   0x08002425   Thumb Code   320  stm32wlxx_hal_uart.o(.text.UART_RxISR_8BIT_FIFOEN)
    [Anonymous Symbol]                       0x08002424   Section        0  stm32wlxx_hal_uart.o(.text.UART_RxISR_8BIT_FIFOEN)
    __arm_cp.64_1                            0x08002564   Number         4  stm32wlxx_hal_uart.o(.text.UART_RxISR_8BIT_FIFOEN)
    __arm_cp.64_2                            0x08002568   Number         4  stm32wlxx_hal_uart.o(.text.UART_RxISR_8BIT_FIFOEN)
    [Anonymous Symbol]                       0x0800256c   Section        0  stm32wlxx_hal_uart.o(.text.UART_SetConfig)
    __arm_cp.3_0                             0x08002720   Number         4  stm32wlxx_hal_uart.o(.text.UART_SetConfig)
    __arm_cp.3_1                             0x08002724   Number         4  stm32wlxx_hal_uart.o(.text.UART_SetConfig)
    __arm_cp.3_2                             0x08002728   Number         4  stm32wlxx_hal_uart.o(.text.UART_SetConfig)
    __arm_cp.3_3                             0x0800272c   Number         4  stm32wlxx_hal_uart.o(.text.UART_SetConfig)
    __arm_cp.3_4                             0x08002730   Number         4  stm32wlxx_hal_uart.o(.text.UART_SetConfig)
    __arm_cp.3_5                             0x08002734   Number         4  stm32wlxx_hal_uart.o(.text.UART_SetConfig)
    __arm_cp.3_6                             0x08002738   Number         4  stm32wlxx_hal_uart.o(.text.UART_SetConfig)
    __arm_cp.3_8                             0x0800274c   Number         4  stm32wlxx_hal_uart.o(.text.UART_SetConfig)
    __arm_cp.3_9                             0x08002750   Number         4  stm32wlxx_hal_uart.o(.text.UART_SetConfig)
    __arm_cp.3_10                            0x08002754   Number         4  stm32wlxx_hal_uart.o(.text.UART_SetConfig)
    [Anonymous Symbol]                       0x08002758   Section        0  stm32wlxx_hal_uart.o(.text.UART_Start_Receive_IT)
    __arm_cp.19_0                            0x08002854   Number         4  stm32wlxx_hal_uart.o(.text.UART_Start_Receive_IT)
    __arm_cp.19_1                            0x08002858   Number         4  stm32wlxx_hal_uart.o(.text.UART_Start_Receive_IT)
    __arm_cp.19_2                            0x0800285c   Number         4  stm32wlxx_hal_uart.o(.text.UART_Start_Receive_IT)
    __arm_cp.19_3                            0x08002860   Number         4  stm32wlxx_hal_uart.o(.text.UART_Start_Receive_IT)
    [Anonymous Symbol]                       0x08002864   Section        0  stm32wlxx_hal_uart.o(.text.UART_WaitOnFlagUntilTimeout)
    [Anonymous Symbol]                       0x08002938   Section        0  stm32wlxx_it.o(.text.USART1_IRQHandler)
    [Anonymous Symbol]                       0x08002940   Section        0  stm32wlxx_it.o(.text.USART2_IRQHandler)
    [Anonymous Symbol]                       0x08002948   Section        0  stm32wlxx_it.o(.text.UsageFault_Handler)
    __NVIC_SetPriority                       0x0800294d   Thumb Code    28  stm32wlxx_hal_cortex.o(.text.__NVIC_SetPriority)
    [Anonymous Symbol]                       0x0800294c   Section        0  stm32wlxx_hal_cortex.o(.text.__NVIC_SetPriority)
    __arm_cp.2_0                             0x08002968   Number         4  stm32wlxx_hal_cortex.o(.text.__NVIC_SetPriority)
    __arm_cp.2_1                             0x0800296c   Number         4  stm32wlxx_hal_cortex.o(.text.__NVIC_SetPriority)
    __NVIC_SystemReset                       0x08002971   Thumb Code    28  r_routine_update.o(.text.__NVIC_SystemReset)
    [Anonymous Symbol]                       0x08002970   Section        0  r_routine_update.o(.text.__NVIC_SystemReset)
    __arm_cp.1_0                             0x0800298c   Number         4  r_routine_update.o(.text.__NVIC_SystemReset)
    __arm_cp.1_1                             0x08002990   Number         4  r_routine_update.o(.text.__NVIC_SystemReset)
    [Anonymous Symbol]                       0x08002994   Section        0  ignore_handler_s.o(.text.ignore_handler_s)
    [Anonymous Symbol]                       0x08002998   Section        0  safe_mem_constraint.o(.text.invoke_safe_mem_constraint_handler)
    __arm_cp.1_0                             0x080029a4   Number         4  safe_mem_constraint.o(.text.invoke_safe_mem_constraint_handler)
    [Anonymous Symbol]                       0x080029a8   Section        0  main.o(.text.main)
    __arm_cp.0_0                             0x08002b18   Number         4  main.o(.text.main)
    __arm_cp.0_1                             0x08002b1c   Number         4  main.o(.text.main)
    __arm_cp.0_2                             0x08002b20   Number         4  main.o(.text.main)
    __arm_cp.0_3                             0x08002b24   Number         4  main.o(.text.main)
    __arm_cp.0_4                             0x08002b28   Number         4  main.o(.text.main)
    __arm_cp.0_5                             0x08002b2c   Number         4  main.o(.text.main)
    __arm_cp.0_6                             0x08002b30   Number         4  main.o(.text.main)
    __arm_cp.0_7                             0x08002b34   Number         4  main.o(.text.main)
    __arm_cp.0_8                             0x08002b38   Number         4  main.o(.text.main)
    __arm_cp.0_9                             0x08002b3c   Number         4  main.o(.text.main)
    __arm_cp.0_10                            0x08002b40   Number         4  main.o(.text.main)
    [Anonymous Symbol]                       0x08002b44   Section        0  mem_primitives_lib.o(.text.mem_prim_move)
    [Anonymous Symbol]                       0x08002c00   Section        0  mem_primitives_lib.o(.text.mem_prim_set)
    [Anonymous Symbol]                       0x08002c98   Section        0  memcpy_s.o(.text.memcpy_s)
    __arm_cp.0_6                             0x08002dbc   Number         4  memcpy_s.o(.text.memcpy_s)
    [Anonymous Symbol]                       0x08002dc0   Section        0  memset_s.o(.text.memset_s)
    [Anonymous Symbol]                       0x08002e4c   Section        0  r_crc.o(.text.r_calculate_flash_crc)
    [Anonymous Symbol]                       0x08002ed4   Section        0  r_crc.o(.text.r_calculate_page_crc)
    __arm_cp.3_0                             0x08002f24   Number         4  r_crc.o(.text.r_calculate_page_crc)
    r_flash_program_page                     0x08002f29   Thumb Code    96  r_routine_update.o(.text.r_flash_program_page)
    [Anonymous Symbol]                       0x08002f28   Section        0  r_routine_update.o(.text.r_flash_program_page)
    [Anonymous Symbol]                       0x08002f88   Section        0  r_startup.o(.text.r_go_to_app)
    __arm_cp.1_0                             0x08002fdc   Number         4  r_startup.o(.text.r_go_to_app)
    __arm_cp.1_1                             0x08002fe0   Number         4  r_startup.o(.text.r_go_to_app)
    __arm_cp.1_2                             0x08002fe4   Number         4  r_startup.o(.text.r_go_to_app)
    __arm_cp.1_3                             0x08002fe8   Number         4  r_startup.o(.text.r_go_to_app)
    __arm_cp.1_4                             0x08002fec   Number         4  r_startup.o(.text.r_go_to_app)
    [Anonymous Symbol]                       0x08002ff0   Section        0  r_eeprom_structure.o(.text.r_init_eeprom_if_needed)
    __arm_cp.0_1                             0x08003018   Number         4  r_eeprom_structure.o(.text.r_init_eeprom_if_needed)
    __arm_cp.0_2                             0x0800301c   Number         4  r_eeprom_structure.o(.text.r_init_eeprom_if_needed)
    [Anonymous Symbol]                       0x08003020   Section        0  r_startup.o(.text.r_led_burst)
    __arm_cp.0_1                             0x0800305c   Number         4  r_startup.o(.text.r_led_burst)
    [Anonymous Symbol]                       0x08003060   Section        0  r_eeprom_structure.o(.text.r_read_eeprom_data)
    [Anonymous Symbol]                       0x08003080   Section        0  r_routine_update.o(.text.r_receive_update)
    __arm_cp.0_0                             0x0800331c   Number         4  r_routine_update.o(.text.r_receive_update)
    __arm_cp.0_1                             0x08003320   Number         4  r_routine_update.o(.text.r_receive_update)
    __arm_cp.0_2                             0x08003324   Number         4  r_routine_update.o(.text.r_receive_update)
    __arm_cp.0_3                             0x08003328   Number         4  r_routine_update.o(.text.r_receive_update)
    __arm_cp.0_4                             0x0800332c   Number         4  r_routine_update.o(.text.r_receive_update)
    __arm_cp.0_6                             0x0800333c   Number         4  r_routine_update.o(.text.r_receive_update)
    __arm_cp.0_7                             0x08003340   Number         4  r_routine_update.o(.text.r_receive_update)
    __arm_cp.0_8                             0x08003344   Number         4  r_routine_update.o(.text.r_receive_update)
    __arm_cp.0_10                            0x08003354   Number         4  r_routine_update.o(.text.r_receive_update)
    __arm_cp.0_11                            0x08003358   Number         4  r_routine_update.o(.text.r_receive_update)
    [Anonymous Symbol]                       0x08003368   Section        0  r_eeprom_structure.o(.text.r_set_eeprom_flags)
    __arm_cp.3_0                             0x080033bc   Number         4  r_eeprom_structure.o(.text.r_set_eeprom_flags)
    __arm_cp.3_1                             0x080033c0   Number         4  r_eeprom_structure.o(.text.r_set_eeprom_flags)
    __arm_cp.3_2                             0x080033c4   Number         4  r_eeprom_structure.o(.text.r_set_eeprom_flags)
    __arm_cp.3_3                             0x080033c8   Number         4  r_eeprom_structure.o(.text.r_set_eeprom_flags)
    __arm_cp.3_4                             0x080033cc   Number         4  r_eeprom_structure.o(.text.r_set_eeprom_flags)
    __arm_cp.3_5                             0x080033d0   Number         4  r_eeprom_structure.o(.text.r_set_eeprom_flags)
    [Anonymous Symbol]                       0x080033d4   Section        0  r_eeprom_structure.o(.text.r_write_eeprom_data)
    __arm_cp.2_0                             0x08003414   Number         4  r_eeprom_structure.o(.text.r_write_eeprom_data)
    [Anonymous Symbol]                       0x08003418   Section        0  stm32wlxx_hal_rcc.o(.rodata..L__const.RCC_SetFlashLatency.FLASH_CLK_SRC_RANGE_VOS1)
    [Anonymous Symbol]                       0x0800341e   Section        0  stm32wlxx_hal_rcc.o(.rodata..L__const.RCC_SetFlashLatency.FLASH_CLK_SRC_RANGE_VOS2)
    [Anonymous Symbol]                       0x08003424   Section        0  stm32wlxx_hal_rcc.o(.rodata..L__const.RCC_SetFlashLatency.FLASH_LATENCY_RANGE)
    [Anonymous Symbol]                       0x08003430   Section        0  r_eeprom_structure.o(.rodata..L__const.r_init_eeprom_if_needed.ee_defaults)
    [Anonymous Symbol]                       0x08003500   Section        0  stm32wlxx_hal_uart.o(.rodata.cst16)
    UARTEx_SetNbDataToProcess.numerator      0x08003510   Data           8  stm32wlxx_hal_uart_ex.o(.rodata.cst8)
    [Anonymous Symbol]                       0x08003510   Section        0  stm32wlxx_hal_uart_ex.o(.rodata.cst8)
    UARTEx_SetNbDataToProcess.denominator    0x08003518   Data           8  stm32wlxx_hal_uart_ex.o(.rodata.cst8)
    s_crc_table                              0x08003520   Data        1024  r_crc.o(.rodata.s_crc_table)
    [Anonymous Symbol]                       0x08003520   Section        0  r_crc.o(.rodata.s_crc_table)
    [Anonymous Symbol]                       0x08003920   Section        0  memcpy_s.o(.rodata.str1.1)
    [Anonymous Symbol]                       0x20000000   Section        0  stm32wlxx_hal.o(.data..L_MergedGlobals)
    s_bank_a_index                           0x20000010   Data           4  r_routine_update.o(.data.s_bank_a_index)
    [Anonymous Symbol]                       0x20000010   Section        0  r_routine_update.o(.data.s_bank_a_index)
    .bss                                     0x20000018   Section       96  libspace.o(.bss)
    [Anonymous Symbol]                       0x20000078   Section        0  r_routine_update.o(.bss..L_MergedGlobals)
    s_flag_flash_crc_ok                      0x20000079   Data           1  r_routine_update.o(.bss..L_MergedGlobals)
    s_page_offset                            0x2000007a   Data           2  r_routine_update.o(.bss..L_MergedGlobals)
    s_pagecrc                                0x2000008c   Data           4  r_routine_update.o(.bss..L_MergedGlobals)
    [Anonymous Symbol]                       0x20000090   Section        0  r_uart_callback.o(.bss..L_MergedGlobals)
    s_last_byte                              0x20000092   Data           1  r_uart_callback.o(.bss..L_MergedGlobals)
    s_uart_index                             0x20000094   Data           2  r_uart_callback.o(.bss..L_MergedGlobals)
    s_len_payload                            0x20000096   Data           2  r_uart_callback.o(.bss..L_MergedGlobals)
    mem_handler                              0x200002f0   Data           4  safe_mem_constraint.o(.bss.mem_handler)
    [Anonymous Symbol]                       0x200002f0   Section        0  safe_mem_constraint.o(.bss.mem_handler)
    s_page_buffer                            0x2000030c   Data        2048  r_routine_update.o(.bss.s_page_buffer)
    [Anonymous Symbol]                       0x2000030c   Section        0  r_routine_update.o(.bss.s_page_buffer)
    s_uart_buffer                            0x20000b0c   Data         266  r_uart_callback.o(.bss.s_uart_buffer)
    [Anonymous Symbol]                       0x20000b0c   Section        0  r_uart_callback.o(.bss.s_uart_buffer)
    Heap_Mem                                 0x20000c20   Data         512  startup_stm32wle5xx.o(HEAP)
    HEAP                                     0x20000c20   Section      512  startup_stm32wle5xx.o(HEAP)
    Stack_Mem                                0x20000e20   Data        1024  startup_stm32wle5xx.o(STACK)
    STACK                                    0x20000e20   Section     1024  startup_stm32wle5xx.o(STACK)
    __initial_sp                             0x20001220   Data           0  startup_stm32wle5xx.o(STACK)

    Global Symbols

    Symbol Name                              Value     Ov Type        Size  Object(Section)

    BuildAttributes$$THM_ISAv4$E$P$D$K$B$S$7EM$PE$A:L22UL41UL21$X:L11$S22US41US21$IEEE1$IW$~IW$USESV6$~STKCKD$USESV7$~SHL$OTIME$ROPI$EBA8$UX$STANDARDLIB$REQ8$PRES8$EABIv2 0x00000000   Number         0  anon$$obj.o ABSOLUTE
    __fp_init_empty                          0x00000000   Number         0  fpinit_empty.o ABSOLUTE
    __ARM_exceptions_init                     - Undefined Weak Reference
    __alloca_initialize                       - Undefined Weak Reference
    __arm_preinit_                            - Undefined Weak Reference
    __cpp_initialize__aeabi_                  - Undefined Weak Reference
    __cxa_finalize                            - Undefined Weak Reference
    __rt_locale                               - Undefined Weak Reference
    __sigvec_lookup                           - Undefined Weak Reference
    __user_heap_extent                        - Undefined Weak Reference
    _atexit_init                              - Undefined Weak Reference
    _call_atexit_fns                          - Undefined Weak Reference
    _clock_init                               - Undefined Weak Reference
    _fp_trap_init                             - Undefined Weak Reference
    _fp_trap_shutdown                         - Undefined Weak Reference
    _get_lc_collate                           - Undefined Weak Reference
    _get_lc_ctype                             - Undefined Weak Reference
    _get_lc_monetary                          - Undefined Weak Reference
    _get_lc_numeric                           - Undefined Weak Reference
    _get_lc_time                              - Undefined Weak Reference
    _getenv_init                              - Undefined Weak Reference
    _handle_redirection                       - Undefined Weak Reference
    _mutex_acquire                            - Undefined Weak Reference
    _mutex_free                               - Undefined Weak Reference
    _mutex_release                            - Undefined Weak Reference
    _printf_mbtowc                            - Undefined Weak Reference
    _printf_post_padding                      - Undefined Weak Reference
    _printf_pre_padding                       - Undefined Weak Reference
    _printf_truncate_signed                   - Undefined Weak Reference
    _printf_truncate_unsigned                 - Undefined Weak Reference
    _rand_init                                - Undefined Weak Reference
    _signal_finish                            - Undefined Weak Reference
    _signal_init                              - Undefined Weak Reference
    __Vectors_Size                           0x00000138   Number         0  startup_stm32wle5xx.o ABSOLUTE
    __Vectors                                0x08000000   Data           4  startup_stm32wle5xx.o(RESET)
    __Vectors_End                            0x08000138   Data           0  startup_stm32wle5xx.o(RESET)
    __main                                   0x08000139   Thumb Code     8  __main.o(!!!main)
    __scatterload                            0x08000141   Thumb Code     0  __scatter.o(!!!scatter)
    __scatterload_rt2                        0x08000141   Thumb Code    44  __scatter.o(!!!scatter)
    __scatterload_rt2_thumb_only             0x08000141   Thumb Code     0  __scatter.o(!!!scatter)
    __scatterload_null                       0x0800014f   Thumb Code     0  __scatter.o(!!!scatter)
    __scatterload_copy                       0x08000175   Thumb Code    26  __scatter_copy.o(!!handler_copy)
    __scatterload_zeroinit                   0x08000191   Thumb Code    28  __scatter_zi.o(!!handler_zi)
    __rt_lib_init                            0x080001ad   Thumb Code     0  libinit.o(.ARM.Collect$$libinit$$00000000)
    __rt_lib_init_alloca_1                   0x080001af   Thumb Code     0  libinit2.o(.ARM.Collect$$libinit$$0000002E)
    __rt_lib_init_argv_1                     0x080001af   Thumb Code     0  libinit2.o(.ARM.Collect$$libinit$$0000002C)
    __rt_lib_init_atexit_1                   0x080001af   Thumb Code     0  libinit2.o(.ARM.Collect$$libinit$$0000001B)
    __rt_lib_init_clock_1                    0x080001af   Thumb Code     0  libinit2.o(.ARM.Collect$$libinit$$00000021)
    __rt_lib_init_cpp_1                      0x080001af   Thumb Code     0  libinit2.o(.ARM.Collect$$libinit$$00000032)
    __rt_lib_init_exceptions_1               0x080001af   Thumb Code     0  libinit2.o(.ARM.Collect$$libinit$$00000030)
    __rt_lib_init_fp_1                       0x080001af   Thumb Code     0  libinit2.o(.ARM.Collect$$libinit$$00000002)
    __rt_lib_init_fp_trap_1                  0x080001af   Thumb Code     0  libinit2.o(.ARM.Collect$$libinit$$0000001F)
    __rt_lib_init_getenv_1                   0x080001af   Thumb Code     0  libinit2.o(.ARM.Collect$$libinit$$00000023)
    __rt_lib_init_heap_1                     0x080001af   Thumb Code     0  libinit2.o(.ARM.Collect$$libinit$$0000000A)
    __rt_lib_init_lc_collate_1               0x080001af   Thumb Code     0  libinit2.o(.ARM.Collect$$libinit$$00000011)
    __rt_lib_init_lc_ctype_1                 0x080001af   Thumb Code     0  libinit2.o(.ARM.Collect$$libinit$$00000013)
    __rt_lib_init_lc_monetary_1              0x080001af   Thumb Code     0  libinit2.o(.ARM.Collect$$libinit$$00000015)
    __rt_lib_init_lc_numeric_1               0x080001af   Thumb Code     0  libinit2.o(.ARM.Collect$$libinit$$00000017)
    __rt_lib_init_lc_time_1                  0x080001af   Thumb Code     0  libinit2.o(.ARM.Collect$$libinit$$00000019)
    __rt_lib_init_preinit_1                  0x080001af   Thumb Code     0  libinit2.o(.ARM.Collect$$libinit$$00000004)
    __rt_lib_init_rand_1                     0x080001af   Thumb Code     0  libinit2.o(.ARM.Collect$$libinit$$0000000E)
    __rt_lib_init_return                     0x080001af   Thumb Code     0  libinit2.o(.ARM.Collect$$libinit$$00000033)
    __rt_lib_init_signal_1                   0x080001af   Thumb Code     0  libinit2.o(.ARM.Collect$$libinit$$0000001D)
    __rt_lib_init_stdio_1                    0x080001af   Thumb Code     0  libinit2.o(.ARM.Collect$$libinit$$00000025)
    __rt_lib_init_user_alloc_1               0x080001af   Thumb Code     0  libinit2.o(.ARM.Collect$$libinit$$0000000C)
    __rt_lib_shutdown                        0x080001b1   Thumb Code     0  libshutdown.o(.ARM.Collect$$libshutdown$$00000000)
    __rt_lib_shutdown_cpp_1                  0x080001b3   Thumb Code     0  libshutdown2.o(.ARM.Collect$$libshutdown$$00000002)
    __rt_lib_shutdown_fp_trap_1              0x080001b3   Thumb Code     0  libshutdown2.o(.ARM.Collect$$libshutdown$$00000007)
    __rt_lib_shutdown_heap_1                 0x080001b3   Thumb Code     0  libshutdown2.o(.ARM.Collect$$libshutdown$$0000000F)
    __rt_lib_shutdown_return                 0x080001b3   Thumb Code     0  libshutdown2.o(.ARM.Collect$$libshutdown$$00000010)
    __rt_lib_shutdown_signal_1               0x080001b3   Thumb Code     0  libshutdown2.o(.ARM.Collect$$libshutdown$$0000000A)
    __rt_lib_shutdown_stdio_1                0x080001b3   Thumb Code     0  libshutdown2.o(.ARM.Collect$$libshutdown$$00000004)
    __rt_lib_shutdown_user_alloc_1           0x080001b3   Thumb Code     0  libshutdown2.o(.ARM.Collect$$libshutdown$$0000000C)
    __rt_entry                               0x080001b5   Thumb Code     0  __rtentry.o(.ARM.Collect$$rtentry$$00000000)
    __rt_entry_presh_1                       0x080001b5   Thumb Code     0  __rtentry2.o(.ARM.Collect$$rtentry$$00000002)
    __rt_entry_sh                            0x080001b5   Thumb Code     0  __rtentry4.o(.ARM.Collect$$rtentry$$00000004)
    __rt_entry_li                            0x080001bb   Thumb Code     0  __rtentry2.o(.ARM.Collect$$rtentry$$0000000A)
    __rt_entry_postsh_1                      0x080001bb   Thumb Code     0  __rtentry2.o(.ARM.Collect$$rtentry$$00000009)
    __rt_entry_main                          0x080001bf   Thumb Code     0  __rtentry2.o(.ARM.Collect$$rtentry$$0000000D)
    __rt_entry_postli_1                      0x080001bf   Thumb Code     0  __rtentry2.o(.ARM.Collect$$rtentry$$0000000C)
    __rt_exit                                0x080001c7   Thumb Code     0  rtexit.o(.ARM.Collect$$rtexit$$00000000)
    __rt_exit_ls                             0x080001c9   Thumb Code     0  rtexit2.o(.ARM.Collect$$rtexit$$00000003)
    __rt_exit_prels_1                        0x080001c9   Thumb Code     0  rtexit2.o(.ARM.Collect$$rtexit$$00000002)
    __rt_exit_exit                           0x080001cd   Thumb Code     0  rtexit2.o(.ARM.Collect$$rtexit$$00000004)
    Reset_Handler                            0x080001d5   Thumb Code     8  startup_stm32wle5xx.o(.text)
    ADC_IRQHandler                           0x080001ef   Thumb Code     0  startup_stm32wle5xx.o(.text)
    AES_IRQHandler                           0x080001ef   Thumb Code     0  startup_stm32wle5xx.o(.text)
    COMP_IRQHandler                          0x080001ef   Thumb Code     0  startup_stm32wle5xx.o(.text)
    DAC_IRQHandler                           0x080001ef   Thumb Code     0  startup_stm32wle5xx.o(.text)
    DMA1_Channel1_IRQHandler                 0x080001ef   Thumb Code     0  startup_stm32wle5xx.o(.text)
    DMA1_Channel2_IRQHandler                 0x080001ef   Thumb Code     0  startup_stm32wle5xx.o(.text)
    DMA1_Channel3_IRQHandler                 0x080001ef   Thumb Code     0  startup_stm32wle5xx.o(.text)
    DMA1_Channel4_IRQHandler                 0x080001ef   Thumb Code     0  startup_stm32wle5xx.o(.text)
    DMA1_Channel5_IRQHandler                 0x080001ef   Thumb Code     0  startup_stm32wle5xx.o(.text)
    DMA1_Channel6_IRQHandler                 0x080001ef   Thumb Code     0  startup_stm32wle5xx.o(.text)
    DMA1_Channel7_IRQHandler                 0x080001ef   Thumb Code     0  startup_stm32wle5xx.o(.text)
    DMA2_Channel1_IRQHandler                 0x080001ef   Thumb Code     0  startup_stm32wle5xx.o(.text)
    DMA2_Channel2_IRQHandler                 0x080001ef   Thumb Code     0  startup_stm32wle5xx.o(.text)
    DMA2_Channel3_IRQHandler                 0x080001ef   Thumb Code     0  startup_stm32wle5xx.o(.text)
    DMA2_Channel4_IRQHandler                 0x080001ef   Thumb Code     0  startup_stm32wle5xx.o(.text)
    DMA2_Channel5_IRQHandler                 0x080001ef   Thumb Code     0  startup_stm32wle5xx.o(.text)
    DMA2_Channel6_IRQHandler                 0x080001ef   Thumb Code     0  startup_stm32wle5xx.o(.text)
    DMA2_Channel7_IRQHandler                 0x080001ef   Thumb Code     0  startup_stm32wle5xx.o(.text)
    DMAMUX1_OVR_IRQHandler                   0x080001ef   Thumb Code     0  startup_stm32wle5xx.o(.text)
    EXTI0_IRQHandler                         0x080001ef   Thumb Code     0  startup_stm32wle5xx.o(.text)
    EXTI15_10_IRQHandler                     0x080001ef   Thumb Code     0  startup_stm32wle5xx.o(.text)
    EXTI1_IRQHandler                         0x080001ef   Thumb Code     0  startup_stm32wle5xx.o(.text)
    EXTI2_IRQHandler                         0x080001ef   Thumb Code     0  startup_stm32wle5xx.o(.text)
    EXTI3_IRQHandler                         0x080001ef   Thumb Code     0  startup_stm32wle5xx.o(.text)
    EXTI4_IRQHandler                         0x080001ef   Thumb Code     0  startup_stm32wle5xx.o(.text)
    EXTI9_5_IRQHandler                       0x080001ef   Thumb Code     0  startup_stm32wle5xx.o(.text)
    FLASH_IRQHandler                         0x080001ef   Thumb Code     0  startup_stm32wle5xx.o(.text)
    HSEM_IRQHandler                          0x080001ef   Thumb Code     0  startup_stm32wle5xx.o(.text)
    I2C1_ER_IRQHandler                       0x080001ef   Thumb Code     0  startup_stm32wle5xx.o(.text)
    I2C1_EV_IRQHandler                       0x080001ef   Thumb Code     0  startup_stm32wle5xx.o(.text)
    I2C2_ER_IRQHandler                       0x080001ef   Thumb Code     0  startup_stm32wle5xx.o(.text)
    I2C2_EV_IRQHandler                       0x080001ef   Thumb Code     0  startup_stm32wle5xx.o(.text)
    I2C3_ER_IRQHandler                       0x080001ef   Thumb Code     0  startup_stm32wle5xx.o(.text)
    I2C3_EV_IRQHandler                       0x080001ef   Thumb Code     0  startup_stm32wle5xx.o(.text)
    LPTIM1_IRQHandler                        0x080001ef   Thumb Code     0  startup_stm32wle5xx.o(.text)
    LPTIM2_IRQHandler                        0x080001ef   Thumb Code     0  startup_stm32wle5xx.o(.text)
    LPTIM3_IRQHandler                        0x080001ef   Thumb Code     0  startup_stm32wle5xx.o(.text)
    LPUART1_IRQHandler                       0x080001ef   Thumb Code     0  startup_stm32wle5xx.o(.text)
    PKA_IRQHandler                           0x080001ef   Thumb Code     0  startup_stm32wle5xx.o(.text)
    PVD_PVM_IRQHandler                       0x080001ef   Thumb Code     0  startup_stm32wle5xx.o(.text)
    RCC_IRQHandler                           0x080001ef   Thumb Code     0  startup_stm32wle5xx.o(.text)
    RNG_IRQHandler                           0x080001ef   Thumb Code     0  startup_stm32wle5xx.o(.text)
    RTC_Alarm_IRQHandler                     0x080001ef   Thumb Code     0  startup_stm32wle5xx.o(.text)
    RTC_WKUP_IRQHandler                      0x080001ef   Thumb Code     0  startup_stm32wle5xx.o(.text)
    SPI1_IRQHandler                          0x080001ef   Thumb Code     0  startup_stm32wle5xx.o(.text)
    SPI2_IRQHandler                          0x080001ef   Thumb Code     0  startup_stm32wle5xx.o(.text)
    SUBGHZSPI_IRQHandler                     0x080001ef   Thumb Code     0  startup_stm32wle5xx.o(.text)
    SUBGHZ_Radio_IRQHandler                  0x080001ef   Thumb Code     0  startup_stm32wle5xx.o(.text)
    TAMP_STAMP_LSECSS_SSRU_IRQHandler        0x080001ef   Thumb Code     0  startup_stm32wle5xx.o(.text)
    TIM16_IRQHandler                         0x080001ef   Thumb Code     0  startup_stm32wle5xx.o(.text)
    TIM17_IRQHandler                         0x080001ef   Thumb Code     0  startup_stm32wle5xx.o(.text)
    TIM1_BRK_IRQHandler                      0x080001ef   Thumb Code     0  startup_stm32wle5xx.o(.text)
    TIM1_CC_IRQHandler                       0x080001ef   Thumb Code     0  startup_stm32wle5xx.o(.text)
    TIM1_TRG_COM_IRQHandler                  0x080001ef   Thumb Code     0  startup_stm32wle5xx.o(.text)
    TIM1_UP_IRQHandler                       0x080001ef   Thumb Code     0  startup_stm32wle5xx.o(.text)
    TIM2_IRQHandler                          0x080001ef   Thumb Code     0  startup_stm32wle5xx.o(.text)
    WWDG_IRQHandler                          0x080001ef   Thumb Code     0  startup_stm32wle5xx.o(.text)
    __user_initial_stackheap                 0x080001f1   Thumb Code     0  startup_stm32wle5xx.o(.text)
    __aeabi_uldivmod                         0x08000215   Thumb Code     0  lludivv7m.o(.text)
    _ll_udiv                                 0x08000215   Thumb Code   240  lludivv7m.o(.text)
    __aeabi_memclr4                          0x08000305   Thumb Code     0  rt_memclr_w.o(.text)
    __aeabi_memclr8                          0x08000305   Thumb Code     0  rt_memclr_w.o(.text)
    __rt_memclr_w                            0x08000305   Thumb Code     0  rt_memclr_w.o(.text)
    _memset_w                                0x08000309   Thumb Code    74  rt_memclr_w.o(.text)
    __use_two_region_memory                  0x08000353   Thumb Code     2  heapauxi.o(.text)
    __rt_heap_escrow                         0x08000355   Thumb Code     2  heapauxi.o(.text)
    __rt_heap_expand                         0x08000357   Thumb Code     2  heapauxi.o(.text)
    _sys_exit                                0x08000359   Thumb Code     8  sys_exit.o(.text)
    __I$use$semihosting                      0x08000365   Thumb Code     0  use_no_semi.o(.text)
    __use_no_semihosting_swi                 0x08000365   Thumb Code     2  use_no_semi.o(.text)
    __semihosting_library_function           0x08000367   Thumb Code     0  indicate_semi.o(.text)
    __user_setup_stackheap                   0x08000367   Thumb Code    74  sys_stackheap_outer.o(.text)
    exit                                     0x080003b1   Thumb Code    18  exit.o(.text)
    __user_libspace                          0x080003c5   Thumb Code     8  libspace.o(.text)
    __user_perproc_libspace                  0x080003c5   Thumb Code     0  libspace.o(.text)
    __user_perthread_libspace                0x080003c5   Thumb Code     0  libspace.o(.text)
    BusFault_Handler                         0x080003cd   Thumb Code     2  stm32wlxx_it.o(.text.BusFault_Handler)
    DebugMon_Handler                         0x080003cf   Thumb Code     2  stm32wlxx_it.o(.text.DebugMon_Handler)
    Error_Handler                            0x080003d1   Thumb Code     8  main.o(.text.Error_Handler)
    FLASH_WaitForLastOperation               0x08000409   Thumb Code    84  stm32wlxx_hal_flash.o(.text.FLASH_WaitForLastOperation)
    HAL_CRCEx_Polynomial_Set                 0x08000461   Thumb Code    84  stm32wlxx_hal_crc_ex.o(.text.HAL_CRCEx_Polynomial_Set)
    HAL_CRC_Init                             0x080004b5   Thumb Code   108  stm32wlxx_hal_crc.o(.text.HAL_CRC_Init)
    HAL_CRC_MspInit                          0x08000525   Thumb Code    36  stm32wlxx_hal_msp.o(.text.HAL_CRC_MspInit)
    HAL_DMA_Abort                            0x08000551   Thumb Code   112  stm32wlxx_hal_dma.o(.text.HAL_DMA_Abort)
    HAL_DMA_Abort_IT                         0x080005c1   Thumb Code   108  stm32wlxx_hal_dma.o(.text.HAL_DMA_Abort_IT)
    HAL_DeInit                               0x0800062d   Thumb Code    76  stm32wlxx_hal.o(.text.HAL_DeInit)
    HAL_Delay                                0x0800067d   Thumb Code    32  stm32wlxx_hal.o(.text.HAL_Delay)
    HAL_FLASHEx_Erase                        0x080006a1   Thumb Code   172  stm32wlxx_hal_flash_ex.o(.text.HAL_FLASHEx_Erase)
    HAL_FLASH_Lock                           0x08000755   Thumb Code    20  stm32wlxx_hal_flash.o(.text.HAL_FLASH_Lock)
    HAL_FLASH_Program                        0x08000769   Thumb Code   108  stm32wlxx_hal_flash.o(.text.HAL_FLASH_Program)
    HAL_FLASH_Unlock                         0x080007dd   Thumb Code    28  stm32wlxx_hal_flash.o(.text.HAL_FLASH_Unlock)
    HAL_GPIO_DeInit                          0x08000805   Thumb Code   236  stm32wlxx_hal_gpio.o(.text.HAL_GPIO_DeInit)
    HAL_GPIO_Init                            0x080008f1   Thumb Code   376  stm32wlxx_hal_gpio.o(.text.HAL_GPIO_Init)
    HAL_GPIO_TogglePin                       0x08000a79   Thumb Code    16  stm32wlxx_hal_gpio.o(.text.HAL_GPIO_TogglePin)
    HAL_GPIO_WritePin                        0x08000a89   Thumb Code    12  stm32wlxx_hal_gpio.o(.text.HAL_GPIO_WritePin)
    HAL_GetTick                              0x08000a95   Thumb Code     8  stm32wlxx_hal.o(.text.HAL_GetTick)
    HAL_IncTick                              0x08000a9d   Thumb Code    16  stm32wlxx_hal.o(.text.HAL_IncTick)
    HAL_Init                                 0x08000ab1   Thumb Code    48  stm32wlxx_hal.o(.text.HAL_Init)
    HAL_InitTick                             0x08000ae9   Thumb Code    64  stm32wlxx_hal.o(.text.HAL_InitTick)
    HAL_MspDeInit                            0x08000b2d   Thumb Code     2  stm32wlxx_hal.o(.text.HAL_MspDeInit)
    HAL_MspInit                              0x08000b2f   Thumb Code     2  stm32wlxx_hal_msp.o(.text.HAL_MspInit)
    HAL_NVIC_EnableIRQ                       0x08000b31   Thumb Code    24  stm32wlxx_hal_cortex.o(.text.HAL_NVIC_EnableIRQ)
    HAL_NVIC_SetPriority                     0x08000b4d   Thumb Code    56  stm32wlxx_hal_cortex.o(.text.HAL_NVIC_SetPriority)
    HAL_NVIC_SetPriorityGrouping             0x08000b85   Thumb Code    24  stm32wlxx_hal_cortex.o(.text.HAL_NVIC_SetPriorityGrouping)
    HAL_PWREx_GetVoltageRange                0x08000ba5   Thumb Code    12  stm32wlxx_hal_pwr_ex.o(.text.HAL_PWREx_GetVoltageRange)
    HAL_PWR_EnableBkUpAccess                 0x08000bb1   Thumb Code    12  stm32wlxx_hal_pwr.o(.text.HAL_PWR_EnableBkUpAccess)
    HAL_RCCEx_PeriphCLKConfig                0x08000bc1   Thumb Code   344  stm32wlxx_hal_rcc_ex.o(.text.HAL_RCCEx_PeriphCLKConfig)
    HAL_RCC_ClockConfig                      0x08000d1d   Thumb Code   424  stm32wlxx_hal_rcc.o(.text.HAL_RCC_ClockConfig)
    HAL_RCC_DeInit                           0x08000ec9   Thumb Code   220  stm32wlxx_hal_rcc.o(.text.HAL_RCC_DeInit)
    HAL_RCC_GetHCLKFreq                      0x08000fbd   Thumb Code    28  stm32wlxx_hal_rcc.o(.text.HAL_RCC_GetHCLKFreq)
    HAL_RCC_GetPCLK1Freq                     0x08000fdd   Thumb Code    24  stm32wlxx_hal_rcc.o(.text.HAL_RCC_GetPCLK1Freq)
    HAL_RCC_GetPCLK2Freq                     0x08000ff5   Thumb Code    24  stm32wlxx_hal_rcc.o(.text.HAL_RCC_GetPCLK2Freq)
    HAL_RCC_GetSysClockFreq                  0x08001015   Thumb Code   220  stm32wlxx_hal_rcc.o(.text.HAL_RCC_GetSysClockFreq)
    HAL_RCC_OscConfig                        0x080010fd   Thumb Code  1292  stm32wlxx_hal_rcc.o(.text.HAL_RCC_OscConfig)
    HAL_SYSTICK_Config                       0x08001619   Thumb Code    32  stm32wlxx_hal_cortex.o(.text.HAL_SYSTICK_Config)
    HAL_UARTEx_DisableFifoMode               0x08001641   Thumb Code    54  stm32wlxx_hal_uart_ex.o(.text.HAL_UARTEx_DisableFifoMode)
    HAL_UARTEx_RxEventCallback               0x08001677   Thumb Code     2  stm32wlxx_hal_uart.o(.text.HAL_UARTEx_RxEventCallback)
    HAL_UARTEx_RxFifoFullCallback            0x08001679   Thumb Code     2  stm32wlxx_hal_uart_ex.o(.text.HAL_UARTEx_RxFifoFullCallback)
    HAL_UARTEx_SetRxFifoThreshold            0x0800167b   Thumb Code    28  stm32wlxx_hal_uart_ex.o(.text.HAL_UARTEx_SetRxFifoThreshold)
    HAL_UARTEx_SetTxFifoThreshold            0x08001697   Thumb Code    28  stm32wlxx_hal_uart_ex.o(.text.HAL_UARTEx_SetTxFifoThreshold)
    HAL_UARTEx_TxFifoEmptyCallback           0x080016b3   Thumb Code     2  stm32wlxx_hal_uart_ex.o(.text.HAL_UARTEx_TxFifoEmptyCallback)
    HAL_UARTEx_WakeupCallback                0x080016b5   Thumb Code     2  stm32wlxx_hal_uart_ex.o(.text.HAL_UARTEx_WakeupCallback)
    HAL_UART_ErrorCallback                   0x080016b7   Thumb Code     2  stm32wlxx_hal_uart.o(.text.HAL_UART_ErrorCallback)
    HAL_UART_IRQHandler                      0x080016b9   Thumb Code   700  stm32wlxx_hal_uart.o(.text.HAL_UART_IRQHandler)
    HAL_UART_Init                            0x08001985   Thumb Code    60  stm32wlxx_hal_uart.o(.text.HAL_UART_Init)
    HAL_UART_MspInit                         0x080019c1   Thumb Code   192  stm32wlxx_hal_msp.o(.text.HAL_UART_MspInit)
    HAL_UART_Receive_IT                      0x08001a91   Thumb Code    60  stm32wlxx_hal_uart.o(.text.HAL_UART_Receive_IT)
    HAL_UART_RxCpltCallback                  0x08001ad1   Thumb Code    96  r_uart_callback.o(.text.HAL_UART_RxCpltCallback)
    HAL_UART_Transmit                        0x08001b3d   Thumb Code   168  stm32wlxx_hal_uart.o(.text.HAL_UART_Transmit)
    HAL_UART_TxCpltCallback                  0x08001be5   Thumb Code     2  stm32wlxx_hal_uart.o(.text.HAL_UART_TxCpltCallback)
    HardFault_Handler                        0x08001be7   Thumb Code     2  stm32wlxx_it.o(.text.HardFault_Handler)
    MemManage_Handler                        0x08001c3d   Thumb Code     2  stm32wlxx_it.o(.text.MemManage_Handler)
    NMI_Handler                              0x08001c3f   Thumb Code     2  stm32wlxx_it.o(.text.NMI_Handler)
    PendSV_Handler                           0x08001ed3   Thumb Code     2  stm32wlxx_it.o(.text.PendSV_Handler)
    SVC_Handler                              0x08001f79   Thumb Code     2  stm32wlxx_it.o(.text.SVC_Handler)
    SysTick_Handler                          0x08001f7b   Thumb Code     4  stm32wlxx_it.o(.text.SysTick_Handler)
    SystemClock_Config                       0x08001f81   Thumb Code   120  main.o(.text.SystemClock_Config)
    SystemInit                               0x08002001   Thumb Code     2  system_stm32wlxx.o(.text.SystemInit)
    UART_AdvFeatureConfig                    0x08002049   Thumb Code   168  stm32wlxx_hal_uart.o(.text.UART_AdvFeatureConfig)
    UART_CheckIdleState                      0x080020f1   Thumb Code    78  stm32wlxx_hal_uart.o(.text.UART_CheckIdleState)
    UART_SetConfig                           0x0800256d   Thumb Code   436  stm32wlxx_hal_uart.o(.text.UART_SetConfig)
    UART_Start_Receive_IT                    0x08002759   Thumb Code   252  stm32wlxx_hal_uart.o(.text.UART_Start_Receive_IT)
    UART_WaitOnFlagUntilTimeout              0x08002865   Thumb Code   210  stm32wlxx_hal_uart.o(.text.UART_WaitOnFlagUntilTimeout)
    USART1_IRQHandler                        0x08002939   Thumb Code     8  stm32wlxx_it.o(.text.USART1_IRQHandler)
    USART2_IRQHandler                        0x08002941   Thumb Code     8  stm32wlxx_it.o(.text.USART2_IRQHandler)
    UsageFault_Handler                       0x08002949   Thumb Code     2  stm32wlxx_it.o(.text.UsageFault_Handler)
    ignore_handler_s                         0x08002995   Thumb Code     2  ignore_handler_s.o(.text.ignore_handler_s)
    invoke_safe_mem_constraint_handler       0x08002999   Thumb Code    12  safe_mem_constraint.o(.text.invoke_safe_mem_constraint_handler)
    main                                     0x080029a9   Thumb Code   368  main.o(.text.main)
    mem_prim_move                            0x08002b45   Thumb Code   186  mem_primitives_lib.o(.text.mem_prim_move)
    mem_prim_set                             0x08002c01   Thumb Code   152  mem_primitives_lib.o(.text.mem_prim_set)
    memcpy_s                                 0x08002c99   Thumb Code   144  memcpy_s.o(.text.memcpy_s)
    memset_s                                 0x08002dc1   Thumb Code    68  memset_s.o(.text.memset_s)
    r_calculate_flash_crc                    0x08002e4d   Thumb Code   136  r_crc.o(.text.r_calculate_flash_crc)
    r_calculate_page_crc                     0x08002ed5   Thumb Code    80  r_crc.o(.text.r_calculate_page_crc)
    r_go_to_app                              0x08002f89   Thumb Code    84  r_startup.o(.text.r_go_to_app)
    r_init_eeprom_if_needed                  0x08002ff1   Thumb Code    40  r_eeprom_structure.o(.text.r_init_eeprom_if_needed)
    r_led_burst                              0x08003021   Thumb Code    60  r_startup.o(.text.r_led_burst)
    r_read_eeprom_data                       0x08003061   Thumb Code    32  r_eeprom_structure.o(.text.r_read_eeprom_data)
    r_receive_update                         0x08003081   Thumb Code   668  r_routine_update.o(.text.r_receive_update)
    r_set_eeprom_flags                       0x08003369   Thumb Code    84  r_eeprom_structure.o(.text.r_set_eeprom_flags)
    r_write_eeprom_data                      0x080033d5   Thumb Code    64  r_eeprom_structure.o(.text.r_write_eeprom_data)
    AHBPrescTable                            0x08003448   Data          64  system_stm32wlxx.o(.rodata.AHBPrescTable)
    APBPrescTable                            0x08003488   Data          32  system_stm32wlxx.o(.rodata.APBPrescTable)
    MSIRangeTable                            0x080034a8   Data          64  system_stm32wlxx.o(.rodata.MSIRangeTable)
    UARTPrescTable                           0x080034e8   Data          24  stm32wlxx_hal_uart.o(.rodata.UARTPrescTable)
    Region$$Table$$Base                      0x08003938   Number         0  anon$$obj.o(Region$$Table)
    Region$$Table$$Limit                     0x08003958   Number         0  anon$$obj.o(Region$$Table)
    uwTickFreq                               0x20000000   Data           1  stm32wlxx_hal.o(.data..L_MergedGlobals)
    uwTickPrio                               0x20000004   Data           4  stm32wlxx_hal.o(.data..L_MergedGlobals)
    SystemCoreClock                          0x20000008   Data           4  system_stm32wlxx.o(.data.SystemCoreClock)
    p_uart                                   0x2000000c   Data           4  main.o(.data.p_uart)
    __libspace_start                         0x20000018   Data          96  libspace.o(.bss)
    __temporary_stack_top$libspace           0x20000078   Data           0  libspace.o(.bss)
    g_ota_state                              0x20000078   Data           1  r_routine_update.o(.bss..L_MergedGlobals)
    g_ota_fw_total_size                      0x2000007c   Data           4  r_routine_update.o(.bss..L_MergedGlobals)
    g_ota_fw_crc                             0x20000080   Data           4  r_routine_update.o(.bss..L_MergedGlobals)
    g_ota_fw_received_size                   0x20000084   Data           4  r_routine_update.o(.bss..L_MergedGlobals)
    g_ota_bulk_crc                           0x20000088   Data           4  r_routine_update.o(.bss..L_MergedGlobals)
    s_packet_ready                           0x20000090   Data           1  r_uart_callback.o(.bss..L_MergedGlobals)
    s_rx_byte                                0x20000091   Data           1  r_uart_callback.o(.bss..L_MergedGlobals)
    g_rx_buffer                              0x20000098   Data         266  r_routine_update.o(.bss.g_rx_buffer)
    hcrc                                     0x200001a4   Data          36  main.o(.bss.hcrc)
    huart1                                   0x200001c8   Data         148  main.o(.bss.huart1)
    huart2                                   0x2000025c   Data         148  main.o(.bss.huart2)
    pFlash                                   0x200002f4   Data          24  stm32wlxx_hal_flash.o(.bss.pFlash)
    uwTick                                   0x20000c18   Data           4  stm32wlxx_hal.o(.bss.uwTick)



==============================================================================

Memory Map of the image

  Image Entry point : 0x08000139

  Load Region LR_IROM1 (Base: 0x08000000, Size: 0x00003970, Max: 0x00004000, ABSOLUTE)

    Execution Region ER_IROM1 (Exec base: 0x08000000, Load base: 0x08000000, Size: 0x00003958, Max: 0x00004000, ABSOLUTE)

    Exec Addr    Load Addr    Size         Type   Attr      Idx    E Section Name        Object

    0x08000000   0x08000000   0x00000138   Data   RO            3    RESET               startup_stm32wle5xx.o
    0x08000138   0x08000138   0x00000008   Code   RO         1202  * !!!main             c_w.l(__main.o)
    0x08000140   0x08000140   0x00000034   Code   RO         1567    !!!scatter          c_w.l(__scatter.o)
    0x08000174   0x08000174   0x0000001a   Code   RO         1569    !!handler_copy      c_w.l(__scatter_copy.o)
    0x0800018e   0x0800018e   0x00000002   PAD
    0x08000190   0x08000190   0x0000001c   Code   RO         1571    !!handler_zi        c_w.l(__scatter_zi.o)
    0x080001ac   0x080001ac   0x00000002   Code   RO         1463    .ARM.Collect$$libinit$$00000000  c_w.l(libinit.o)
    0x080001ae   0x080001ae   0x00000000   Code   RO         1343    .ARM.Collect$$libinit$$00000002  c_w.l(libinit2.o)
    0x080001ae   0x080001ae   0x00000000   Code   RO         1345    .ARM.Collect$$libinit$$00000004  c_w.l(libinit2.o)
    0x080001ae   0x080001ae   0x00000000   Code   RO         1348    .ARM.Collect$$libinit$$0000000A  c_w.l(libinit2.o)
    0x080001ae   0x080001ae   0x00000000   Code   RO         1350    .ARM.Collect$$libinit$$0000000C  c_w.l(libinit2.o)
    0x080001ae   0x080001ae   0x00000000   Code   RO         1352    .ARM.Collect$$libinit$$0000000E  c_w.l(libinit2.o)
    0x080001ae   0x080001ae   0x00000000   Code   RO         1355    .ARM.Collect$$libinit$$00000011  c_w.l(libinit2.o)
    0x080001ae   0x080001ae   0x00000000   Code   RO         1357    .ARM.Collect$$libinit$$00000013  c_w.l(libinit2.o)
    0x080001ae   0x080001ae   0x00000000   Code   RO         1359    .ARM.Collect$$libinit$$00000015  c_w.l(libinit2.o)
    0x080001ae   0x080001ae   0x00000000   Code   RO         1361    .ARM.Collect$$libinit$$00000017  c_w.l(libinit2.o)
    0x080001ae   0x080001ae   0x00000000   Code   RO         1363    .ARM.Collect$$libinit$$00000019  c_w.l(libinit2.o)
    0x080001ae   0x080001ae   0x00000000   Code   RO         1365    .ARM.Collect$$libinit$$0000001B  c_w.l(libinit2.o)
    0x080001ae   0x080001ae   0x00000000   Code   RO         1367    .ARM.Collect$$libinit$$0000001D  c_w.l(libinit2.o)
    0x080001ae   0x080001ae   0x00000000   Code   RO         1369    .ARM.Collect$$libinit$$0000001F  c_w.l(libinit2.o)
    0x080001ae   0x080001ae   0x00000000   Code   RO         1371    .ARM.Collect$$libinit$$00000021  c_w.l(libinit2.o)
    0x080001ae   0x080001ae   0x00000000   Code   RO         1373    .ARM.Collect$$libinit$$00000023  c_w.l(libinit2.o)
    0x080001ae   0x080001ae   0x00000000   Code   RO         1375    .ARM.Collect$$libinit$$00000025  c_w.l(libinit2.o)
    0x080001ae   0x080001ae   0x00000000   Code   RO         1379    .ARM.Collect$$libinit$$0000002C  c_w.l(libinit2.o)
    0x080001ae   0x080001ae   0x00000000   Code   RO         1381    .ARM.Collect$$libinit$$0000002E  c_w.l(libinit2.o)
    0x080001ae   0x080001ae   0x00000000   Code   RO         1383    .ARM.Collect$$libinit$$00000030  c_w.l(libinit2.o)
    0x080001ae   0x080001ae   0x00000000   Code   RO         1385    .ARM.Collect$$libinit$$00000032  c_w.l(libinit2.o)
    0x080001ae   0x080001ae   0x00000002   Code   RO         1386    .ARM.Collect$$libinit$$00000033  c_w.l(libinit2.o)
    0x080001b0   0x080001b0   0x00000002   Code   RO         1564    .ARM.Collect$$libshutdown$$00000000  c_w.l(libshutdown.o)
    0x080001b2   0x080001b2   0x00000000   Code   RO         1388    .ARM.Collect$$libshutdown$$00000002  c_w.l(libshutdown2.o)
    0x080001b2   0x080001b2   0x00000000   Code   RO         1390    .ARM.Collect$$libshutdown$$00000004  c_w.l(libshutdown2.o)
    0x080001b2   0x080001b2   0x00000000   Code   RO         1393    .ARM.Collect$$libshutdown$$00000007  c_w.l(libshutdown2.o)
    0x080001b2   0x080001b2   0x00000000   Code   RO         1396    .ARM.Collect$$libshutdown$$0000000A  c_w.l(libshutdown2.o)
    0x080001b2   0x080001b2   0x00000000   Code   RO         1398    .ARM.Collect$$libshutdown$$0000000C  c_w.l(libshutdown2.o)
    0x080001b2   0x080001b2   0x00000000   Code   RO         1401    .ARM.Collect$$libshutdown$$0000000F  c_w.l(libshutdown2.o)
    0x080001b2   0x080001b2   0x00000002   Code   RO         1402    .ARM.Collect$$libshutdown$$00000010  c_w.l(libshutdown2.o)
    0x080001b4   0x080001b4   0x00000000   Code   RO         1208    .ARM.Collect$$rtentry$$00000000  c_w.l(__rtentry.o)
    0x080001b4   0x080001b4   0x00000000   Code   RO         1237    .ARM.Collect$$rtentry$$00000002  c_w.l(__rtentry2.o)
    0x080001b4   0x080001b4   0x00000006   Code   RO         1249    .ARM.Collect$$rtentry$$00000004  c_w.l(__rtentry4.o)
    0x080001ba   0x080001ba   0x00000000   Code   RO         1239    .ARM.Collect$$rtentry$$00000009  c_w.l(__rtentry2.o)
    0x080001ba   0x080001ba   0x00000004   Code   RO         1240    .ARM.Collect$$rtentry$$0000000A  c_w.l(__rtentry2.o)
    0x080001be   0x080001be   0x00000000   Code   RO         1242    .ARM.Collect$$rtentry$$0000000C  c_w.l(__rtentry2.o)
    0x080001be   0x080001be   0x00000008   Code   RO         1243    .ARM.Collect$$rtentry$$0000000D  c_w.l(__rtentry2.o)
    0x080001c6   0x080001c6   0x00000002   Code   RO         1475    .ARM.Collect$$rtexit$$00000000  c_w.l(rtexit.o)
    0x080001c8   0x080001c8   0x00000000   Code   RO         1521    .ARM.Collect$$rtexit$$00000002  c_w.l(rtexit2.o)
    0x080001c8   0x080001c8   0x00000004   Code   RO         1522    .ARM.Collect$$rtexit$$00000003  c_w.l(rtexit2.o)
    0x080001cc   0x080001cc   0x00000006   Code   RO         1523    .ARM.Collect$$rtexit$$00000004  c_w.l(rtexit2.o)
    0x080001d2   0x080001d2   0x00000002   PAD
    0x080001d4   0x080001d4   0x00000040   Code   RO            4    .text               startup_stm32wle5xx.o
    0x08000214   0x08000214   0x000000f0   Code   RO         1155    .text               c_w.l(lludivv7m.o)
    0x08000304   0x08000304   0x0000004e   Code   RO         1198    .text               c_w.l(rt_memclr_w.o)
    0x08000352   0x08000352   0x00000006   Code   RO         1200    .text               c_w.l(heapauxi.o)
    0x08000358   0x08000358   0x0000000c   Code   RO         1204    .text               c_w.l(sys_exit.o)
    0x08000364   0x08000364   0x00000002   Code   RO         1231    .text               c_w.l(use_no_semi.o)
    0x08000366   0x08000366   0x00000000   Code   RO         1235    .text               c_w.l(indicate_semi.o)
    0x08000366   0x08000366   0x0000004a   Code   RO         1407    .text               c_w.l(sys_stackheap_outer.o)
    0x080003b0   0x080003b0   0x00000012   Code   RO         1442    .text               c_w.l(exit.o)
    0x080003c2   0x080003c2   0x00000002   PAD
    0x080003c4   0x080003c4   0x00000008   Code   RO         1472    .text               c_w.l(libspace.o)
    0x080003cc   0x080003cc   0x00000002   Code   RO           39    .text.BusFault_Handler  stm32wlxx_it.o
    0x080003ce   0x080003ce   0x00000002   Code   RO           45    .text.DebugMon_Handler  stm32wlxx_it.o
    0x080003d0   0x080003d0   0x00000008   Code   RO           15    .text.Error_Handler  main.o
    0x080003d8   0x080003d8   0x00000030   Code   RO          231    .text.FLASH_Program_Fast  stm32wlxx_hal_flash.o
    0x08000408   0x08000408   0x00000058   Code   RO          229    .text.FLASH_WaitForLastOperation  stm32wlxx_hal_flash.o
    0x08000460   0x08000460   0x00000054   Code   RO          108    .text.HAL_CRCEx_Polynomial_Set  stm32wlxx_hal_crc_ex.o
    0x080004b4   0x080004b4   0x00000070   Code   RO           82    .text.HAL_CRC_Init  stm32wlxx_hal_crc.o
    0x08000524   0x08000524   0x0000002c   Code   RO           64    .text.HAL_CRC_MspInit  stm32wlxx_hal_msp.o
    0x08000550   0x08000550   0x00000070   Code   RO          332    .text.HAL_DMA_Abort  stm32wlxx_hal_dma.o
    0x080005c0   0x080005c0   0x0000006c   Code   RO          334    .text.HAL_DMA_Abort_IT  stm32wlxx_hal_dma.o
    0x0800062c   0x0800062c   0x00000050   Code   RO          564    .text.HAL_DeInit    stm32wlxx_hal.o
    0x0800067c   0x0800067c   0x00000024   Code   RO          578    .text.HAL_Delay     stm32wlxx_hal.o
    0x080006a0   0x080006a0   0x000000b4   Code   RO          262    .text.HAL_FLASHEx_Erase  stm32wlxx_hal_flash_ex.o
    0x08000754   0x08000754   0x00000014   Code   RO          243    .text.HAL_FLASH_Lock  stm32wlxx_hal_flash.o
    0x08000768   0x08000768   0x00000074   Code   RO          227    .text.HAL_FLASH_Program  stm32wlxx_hal_flash.o
    0x080007dc   0x080007dc   0x00000028   Code   RO          241    .text.HAL_FLASH_Unlock  stm32wlxx_hal_flash.o
    0x08000804   0x08000804   0x000000ec   Code   RO          294    .text.HAL_GPIO_DeInit  stm32wlxx_hal_gpio.o
    0x080008f0   0x080008f0   0x00000188   Code   RO          292    .text.HAL_GPIO_Init  stm32wlxx_hal_gpio.o
    0x08000a78   0x08000a78   0x00000010   Code   RO          302    .text.HAL_GPIO_TogglePin  stm32wlxx_hal_gpio.o
    0x08000a88   0x08000a88   0x0000000c   Code   RO          298    .text.HAL_GPIO_WritePin  stm32wlxx_hal_gpio.o
    0x08000a94   0x08000a94   0x00000008   Code   RO          570    .text.HAL_GetTick   stm32wlxx_hal.o
    0x08000a9c   0x08000a9c   0x00000014   Code   RO          568    .text.HAL_IncTick   stm32wlxx_hal.o
    0x08000ab0   0x08000ab0   0x00000038   Code   RO          558    .text.HAL_Init      stm32wlxx_hal.o
    0x08000ae8   0x08000ae8   0x00000044   Code   RO          560    .text.HAL_InitTick  stm32wlxx_hal.o
    0x08000b2c   0x08000b2c   0x00000002   Code   RO          566    .text.HAL_MspDeInit  stm32wlxx_hal.o
    0x08000b2e   0x08000b2e   0x00000002   Code   RO           62    .text.HAL_MspInit   stm32wlxx_hal_msp.o
    0x08000b30   0x08000b30   0x0000001c   Code   RO          510    .text.HAL_NVIC_EnableIRQ  stm32wlxx_hal_cortex.o
    0x08000b4c   0x08000b4c   0x00000038   Code   RO          506    .text.HAL_NVIC_SetPriority  stm32wlxx_hal_cortex.o
    0x08000b84   0x08000b84   0x00000020   Code   RO          504    .text.HAL_NVIC_SetPriorityGrouping  stm32wlxx_hal_cortex.o
    0x08000ba4   0x08000ba4   0x0000000c   Code   RO          416    .text.HAL_PWREx_GetVoltageRange  stm32wlxx_hal_pwr_ex.o
    0x08000bb0   0x08000bb0   0x00000010   Code   RO          378    .text.HAL_PWR_EnableBkUpAccess  stm32wlxx_hal_pwr.o
    0x08000bc0   0x08000bc0   0x0000015c   Code   RO          181    .text.HAL_RCCEx_PeriphCLKConfig  stm32wlxx_hal_rcc_ex.o
    0x08000d1c   0x08000d1c   0x000001ac   Code   RO          132    .text.HAL_RCC_ClockConfig  stm32wlxx_hal_rcc.o
    0x08000ec8   0x08000ec8   0x000000f4   Code   RO          124    .text.HAL_RCC_DeInit  stm32wlxx_hal_rcc.o
    0x08000fbc   0x08000fbc   0x00000020   Code   RO          130    .text.HAL_RCC_GetHCLKFreq  stm32wlxx_hal_rcc.o
    0x08000fdc   0x08000fdc   0x00000018   Code   RO          140    .text.HAL_RCC_GetPCLK1Freq  stm32wlxx_hal_rcc.o
    0x08000ff4   0x08000ff4   0x00000020   Code   RO          142    .text.HAL_RCC_GetPCLK2Freq  stm32wlxx_hal_rcc.o
    0x08001014   0x08001014   0x000000e8   Code   RO          136    .text.HAL_RCC_GetSysClockFreq  stm32wlxx_hal_rcc.o
    0x080010fc   0x080010fc   0x0000051c   Code   RO          126    .text.HAL_RCC_OscConfig  stm32wlxx_hal_rcc.o
    0x08001618   0x08001618   0x00000028   Code   RO          518    .text.HAL_SYSTICK_Config  stm32wlxx_hal_cortex.o
    0x08001640   0x08001640   0x00000036   Code   RO          918    .text.HAL_UARTEx_DisableFifoMode  stm32wlxx_hal_uart_ex.o
    0x08001676   0x08001676   0x00000002   Code   RO          764    .text.HAL_UARTEx_RxEventCallback  stm32wlxx_hal_uart.o
    0x08001678   0x08001678   0x00000002   Code   RO          902    .text.HAL_UARTEx_RxFifoFullCallback  stm32wlxx_hal_uart_ex.o
    0x0800167a   0x0800167a   0x0000001c   Code   RO          922    .text.HAL_UARTEx_SetRxFifoThreshold  stm32wlxx_hal_uart_ex.o
    0x08001696   0x08001696   0x0000001c   Code   RO          920    .text.HAL_UARTEx_SetTxFifoThreshold  stm32wlxx_hal_uart_ex.o
    0x080016b2   0x080016b2   0x00000002   Code   RO          904    .text.HAL_UARTEx_TxFifoEmptyCallback  stm32wlxx_hal_uart_ex.o
    0x080016b4   0x080016b4   0x00000002   Code   RO          900    .text.HAL_UARTEx_WakeupCallback  stm32wlxx_hal_uart_ex.o
    0x080016b6   0x080016b6   0x00000002   Code   RO          762    .text.HAL_UART_ErrorCallback  stm32wlxx_hal_uart.o
    0x080016b8   0x080016b8   0x000002cc   Code   RO          758    .text.HAL_UART_IRQHandler  stm32wlxx_hal_uart.o
    0x08001984   0x08001984   0x0000003c   Code   RO          670    .text.HAL_UART_Init  stm32wlxx_hal_uart.o
    0x080019c0   0x080019c0   0x000000d0   Code   RO           68    .text.HAL_UART_MspInit  stm32wlxx_hal_msp.o
    0x08001a90   0x08001a90   0x00000040   Code   RO          706    .text.HAL_UART_Receive_IT  stm32wlxx_hal_uart.o
    0x08001ad0   0x08001ad0   0x0000006c   Code   RO         1143    .text.HAL_UART_RxCpltCallback  r_uart_callback.o
    0x08001b3c   0x08001b3c   0x000000a8   Code   RO          690    .text.HAL_UART_Transmit  stm32wlxx_hal_uart.o
    0x08001be4   0x08001be4   0x00000002   Code   RO          766    .text.HAL_UART_TxCpltCallback  stm32wlxx_hal_uart.o
    0x08001be6   0x08001be6   0x00000002   Code   RO           35    .text.HardFault_Handler  stm32wlxx_it.o
    0x08001be8   0x08001be8   0x00000018   Code   RO           17    .text.LL_AHB2_GRP1_EnableClock  main.o
    0x08001c00   0x08001c00   0x0000001c   Code   RO           70    .text.LL_AHB2_GRP1_EnableClock  stm32wlxx_hal_msp.o
    0x08001c1c   0x08001c1c   0x00000020   Code   RO          183    .text.LL_RCC_SetI2CClockSource  stm32wlxx_hal_rcc_ex.o
    0x08001c3c   0x08001c3c   0x00000002   Code   RO           37    .text.MemManage_Handler  stm32wlxx_it.o
    0x08001c3e   0x08001c3e   0x00000002   Code   RO           33    .text.NMI_Handler   stm32wlxx_it.o
    0x08001c40   0x08001c40   0x00000028   Code   RO          156    .text.OUTLINED_FUNCTION_0  stm32wlxx_hal_rcc.o
    0x08001c68   0x08001c68   0x00000014   Code   RO          211    .text.OUTLINED_FUNCTION_0  stm32wlxx_hal_rcc_ex.o
    0x08001c7c   0x08001c7c   0x00000008   Code   RO          282    .text.OUTLINED_FUNCTION_0  stm32wlxx_hal_flash_ex.o
    0x08001c84   0x08001c84   0x00000014   Code   RO          808    .text.OUTLINED_FUNCTION_0  stm32wlxx_hal_uart.o
    0x08001c98   0x08001c98   0x0000001c   Code   RO          932    .text.OUTLINED_FUNCTION_0  stm32wlxx_hal_uart_ex.o
    0x08001cb4   0x08001cb4   0x0000000a   Code   RO         1031    .text.OUTLINED_FUNCTION_0  r_startup.o
    0x08001cbe   0x08001cbe   0x0000000c   Code   RO         1048    .text.OUTLINED_FUNCTION_0  r_routine_update.o
    0x08001cca   0x08001cca   0x00000006   Code   RO         1110    .text.OUTLINED_FUNCTION_0  memcpy_s.o
    0x08001cd0   0x08001cd0   0x00000006   Code   RO          158    .text.OUTLINED_FUNCTION_1  stm32wlxx_hal_rcc.o
    0x08001cd6   0x08001cd6   0x00000012   Code   RO          810    .text.OUTLINED_FUNCTION_1  stm32wlxx_hal_uart.o
    0x08001ce8   0x08001ce8   0x00000012   Code   RO          934    .text.OUTLINED_FUNCTION_1  stm32wlxx_hal_uart_ex.o
    0x08001cfa   0x08001cfa   0x0000000a   Code   RO         1050    .text.OUTLINED_FUNCTION_1  r_routine_update.o
    0x08001d04   0x08001d04   0x0000000c   Code   RO          832    .text.OUTLINED_FUNCTION_12  stm32wlxx_hal_uart.o
    0x08001d10   0x08001d10   0x00000018   Code   RO          834    .text.OUTLINED_FUNCTION_13  stm32wlxx_hal_uart.o
    0x08001d28   0x08001d28   0x00000012   Code   RO          836    .text.OUTLINED_FUNCTION_14  stm32wlxx_hal_uart.o
    0x08001d3a   0x08001d3a   0x00000012   Code   RO          840    .text.OUTLINED_FUNCTION_16  stm32wlxx_hal_uart.o
    0x08001d4c   0x08001d4c   0x00000012   Code   RO          842    .text.OUTLINED_FUNCTION_17  stm32wlxx_hal_uart.o
    0x08001d5e   0x08001d5e   0x00000012   Code   RO          844    .text.OUTLINED_FUNCTION_18  stm32wlxx_hal_uart.o
    0x08001d70   0x08001d70   0x00000012   Code   RO          846    .text.OUTLINED_FUNCTION_19  stm32wlxx_hal_uart.o
    0x08001d82   0x08001d82   0x0000000c   Code   RO          160    .text.OUTLINED_FUNCTION_2  stm32wlxx_hal_rcc.o
    0x08001d8e   0x08001d8e   0x00000016   Code   RO          812    .text.OUTLINED_FUNCTION_2  stm32wlxx_hal_uart.o
    0x08001da4   0x08001da4   0x0000000c   Code   RO         1052    .text.OUTLINED_FUNCTION_2  r_routine_update.o
    0x08001db0   0x08001db0   0x00000012   Code   RO          850    .text.OUTLINED_FUNCTION_21  stm32wlxx_hal_uart.o
    0x08001dc2   0x08001dc2   0x00000008   Code   RO          852    .text.OUTLINED_FUNCTION_22  stm32wlxx_hal_uart.o
    0x08001dca   0x08001dca   0x00000008   Code   RO          854    .text.OUTLINED_FUNCTION_23  stm32wlxx_hal_uart.o
    0x08001dd2   0x08001dd2   0x0000000c   Code   RO          856    .text.OUTLINED_FUNCTION_24  stm32wlxx_hal_uart.o
    0x08001dde   0x08001dde   0x0000000e   Code   RO          866    .text.OUTLINED_FUNCTION_29  stm32wlxx_hal_uart.o
    0x08001dec   0x08001dec   0x00000010   Code   RO          162    .text.OUTLINED_FUNCTION_3  stm32wlxx_hal_rcc.o
    0x08001dfc   0x08001dfc   0x0000000e   Code   RO          217    .text.OUTLINED_FUNCTION_3  stm32wlxx_hal_rcc_ex.o
    0x08001e0a   0x08001e0a   0x00000008   Code   RO          814    .text.OUTLINED_FUNCTION_3  stm32wlxx_hal_uart.o
    0x08001e12   0x08001e12   0x0000000a   Code   RO          938    .text.OUTLINED_FUNCTION_3  stm32wlxx_hal_uart_ex.o
    0x08001e1c   0x08001e1c   0x0000000a   Code   RO         1054    .text.OUTLINED_FUNCTION_3  r_routine_update.o
    0x08001e26   0x08001e26   0x0000000a   Code   RO          870    .text.OUTLINED_FUNCTION_31  stm32wlxx_hal_uart.o
    0x08001e30   0x08001e30   0x0000000a   Code   RO          872    .text.OUTLINED_FUNCTION_32  stm32wlxx_hal_uart.o
    0x08001e3a   0x08001e3a   0x0000000e   Code   RO          876    .text.OUTLINED_FUNCTION_34  stm32wlxx_hal_uart.o
    0x08001e48   0x08001e48   0x0000000e   Code   RO          878    .text.OUTLINED_FUNCTION_35  stm32wlxx_hal_uart.o
    0x08001e56   0x08001e56   0x0000000a   Code   RO          880    .text.OUTLINED_FUNCTION_36  stm32wlxx_hal_uart.o
    0x08001e60   0x08001e60   0x00000006   Code   RO          882    .text.OUTLINED_FUNCTION_37  stm32wlxx_hal_uart.o
    0x08001e66   0x08001e66   0x00000006   Code   RO          884    .text.OUTLINED_FUNCTION_38  stm32wlxx_hal_uart.o
    0x08001e6c   0x08001e6c   0x0000000a   Code   RO          886    .text.OUTLINED_FUNCTION_39  stm32wlxx_hal_uart.o
    0x08001e76   0x08001e76   0x00000006   Code   RO          164    .text.OUTLINED_FUNCTION_4  stm32wlxx_hal_rcc.o
    0x08001e7c   0x08001e7c   0x00000008   Code   RO          166    .text.OUTLINED_FUNCTION_5  stm32wlxx_hal_rcc.o
    0x08001e84   0x08001e84   0x00000008   Code   RO          818    .text.OUTLINED_FUNCTION_5  stm32wlxx_hal_uart.o
    0x08001e8c   0x08001e8c   0x0000000a   Code   RO          942    .text.OUTLINED_FUNCTION_5  stm32wlxx_hal_uart_ex.o
    0x08001e96   0x08001e96   0x00000008   Code   RO          168    .text.OUTLINED_FUNCTION_6  stm32wlxx_hal_rcc.o
    0x08001e9e   0x08001e9e   0x00000014   Code   RO          822    .text.OUTLINED_FUNCTION_7  stm32wlxx_hal_uart.o
    0x08001eb2   0x08001eb2   0x00000014   Code   RO          824    .text.OUTLINED_FUNCTION_8  stm32wlxx_hal_uart.o
    0x08001ec6   0x08001ec6   0x0000000c   Code   RO          826    .text.OUTLINED_FUNCTION_9  stm32wlxx_hal_uart.o
    0x08001ed2   0x08001ed2   0x00000002   Code   RO           47    .text.PendSV_Handler  stm32wlxx_it.o
    0x08001ed4   0x08001ed4   0x000000a4   Code   RO          128    .text.RCC_SetFlashLatencyFromMSIRange  stm32wlxx_hal_rcc.o
    0x08001f78   0x08001f78   0x00000002   Code   RO           43    .text.SVC_Handler   stm32wlxx_it.o
    0x08001f7a   0x08001f7a   0x00000004   Code   RO           49    .text.SysTick_Handler  stm32wlxx_it.o
    0x08001f7e   0x08001f7e   0x00000002   PAD
    0x08001f80   0x08001f80   0x00000080   Code   RO           13    .text.SystemClock_Config  main.o
    0x08002000   0x08002000   0x00000002   Code   RO          955    .text.SystemInit    system_stm32wlxx.o
    0x08002002   0x08002002   0x00000002   PAD
    0x08002004   0x08002004   0x00000044   Code   RO          916    .text.UARTEx_SetNbDataToProcess  stm32wlxx_hal_uart_ex.o
    0x08002048   0x08002048   0x000000a8   Code   RO          674    .text.UART_AdvFeatureConfig  stm32wlxx_hal_uart.o
    0x080020f0   0x080020f0   0x0000004e   Code   RO          678    .text.UART_CheckIdleState  stm32wlxx_hal_uart.o
    0x0800213e   0x0800213e   0x00000010   Code   RO          760    .text.UART_DMAAbortOnError  stm32wlxx_hal_uart.o
    0x0800214e   0x0800214e   0x00000002   PAD
    0x08002150   0x08002150   0x00000038   Code   RO          730    .text.UART_EndRxTransfer  stm32wlxx_hal_uart.o
    0x08002188   0x08002188   0x000000ac   Code   RO          800    .text.UART_RxISR_16BIT  stm32wlxx_hal_uart.o
    0x08002234   0x08002234   0x00000144   Code   RO          796    .text.UART_RxISR_16BIT_FIFOEN  stm32wlxx_hal_uart.o
    0x08002378   0x08002378   0x000000ac   Code   RO          802    .text.UART_RxISR_8BIT  stm32wlxx_hal_uart.o
    0x08002424   0x08002424   0x00000148   Code   RO          798    .text.UART_RxISR_8BIT_FIFOEN  stm32wlxx_hal_uart.o
    0x0800256c   0x0800256c   0x000001ec   Code   RO          676    .text.UART_SetConfig  stm32wlxx_hal_uart.o
    0x08002758   0x08002758   0x0000010c   Code   RO          708    .text.UART_Start_Receive_IT  stm32wlxx_hal_uart.o
    0x08002864   0x08002864   0x000000d2   Code   RO          692    .text.UART_WaitOnFlagUntilTimeout  stm32wlxx_hal_uart.o
    0x08002936   0x08002936   0x00000002   PAD
    0x08002938   0x08002938   0x00000008   Code   RO           51    .text.USART1_IRQHandler  stm32wlxx_it.o
    0x08002940   0x08002940   0x00000008   Code   RO           53    .text.USART2_IRQHandler  stm32wlxx_it.o
    0x08002948   0x08002948   0x00000002   Code   RO           41    .text.UsageFault_Handler  stm32wlxx_it.o
    0x0800294a   0x0800294a   0x00000002   PAD
    0x0800294c   0x0800294c   0x00000024   Code   RO          508    .text.__NVIC_SetPriority  stm32wlxx_hal_cortex.o
    0x08002970   0x08002970   0x00000024   Code   RO         1044    .text.__NVIC_SystemReset  r_routine_update.o
    0x08002994   0x08002994   0x00000002   Code   RO         1078    .text.ignore_handler_s  ignore_handler_s.o
    0x08002996   0x08002996   0x00000002   PAD
    0x08002998   0x08002998   0x00000010   Code   RO         1123    .text.invoke_safe_mem_constraint_handler  safe_mem_constraint.o
    0x080029a8   0x080029a8   0x0000019c   Code   RO           11    .text.main          main.o
    0x08002b44   0x08002b44   0x000000ba   Code   RO         1092    .text.mem_prim_move  mem_primitives_lib.o
    0x08002bfe   0x08002bfe   0x00000002   PAD
    0x08002c00   0x08002c00   0x00000098   Code   RO         1086    .text.mem_prim_set  mem_primitives_lib.o
    0x08002c98   0x08002c98   0x00000128   Code   RO         1108    .text.memcpy_s      memcpy_s.o
    0x08002dc0   0x08002dc0   0x0000008c   Code   RO         1134    .text.memset_s      memset_s.o
    0x08002e4c   0x08002e4c   0x00000088   Code   RO          971    .text.r_calculate_flash_crc  r_crc.o
    0x08002ed4   0x08002ed4   0x00000054   Code   RO          977    .text.r_calculate_page_crc  r_crc.o
    0x08002f28   0x08002f28   0x00000060   Code   RO         1046    .text.r_flash_program_page  r_routine_update.o
    0x08002f88   0x08002f88   0x00000068   Code   RO         1029    .text.r_go_to_app   r_startup.o
    0x08002ff0   0x08002ff0   0x00000030   Code   RO          992    .text.r_init_eeprom_if_needed  r_eeprom_structure.o
    0x08003020   0x08003020   0x00000040   Code   RO         1027    .text.r_led_burst   r_startup.o
    0x08003060   0x08003060   0x00000020   Code   RO          994    .text.r_read_eeprom_data  r_eeprom_structure.o
    0x08003080   0x08003080   0x000002e8   Code   RO         1042    .text.r_receive_update  r_routine_update.o
    0x08003368   0x08003368   0x0000006c   Code   RO          998    .text.r_set_eeprom_flags  r_eeprom_structure.o
    0x080033d4   0x080033d4   0x00000044   Code   RO          996    .text.r_write_eeprom_data  r_eeprom_structure.o
    0x08003418   0x08003418   0x00000006   Data   RO          170    .rodata..L__const.RCC_SetFlashLatency.FLASH_CLK_SRC_RANGE_VOS1  stm32wlxx_hal_rcc.o
    0x0800341e   0x0800341e   0x00000006   Data   RO          171    .rodata..L__const.RCC_SetFlashLatency.FLASH_CLK_SRC_RANGE_VOS2  stm32wlxx_hal_rcc.o
    0x08003424   0x08003424   0x0000000c   Data   RO          172    .rodata..L__const.RCC_SetFlashLatency.FLASH_LATENCY_RANGE  stm32wlxx_hal_rcc.o
    0x08003430   0x08003430   0x00000018   Data   RO         1000    .rodata..L__const.r_init_eeprom_if_needed.ee_defaults  r_eeprom_structure.o
    0x08003448   0x08003448   0x00000040   Data   RO          960    .rodata.AHBPrescTable  system_stm32wlxx.o
    0x08003488   0x08003488   0x00000020   Data   RO          961    .rodata.APBPrescTable  system_stm32wlxx.o
    0x080034a8   0x080034a8   0x00000040   Data   RO          962    .rodata.MSIRangeTable  system_stm32wlxx.o
    0x080034e8   0x080034e8   0x00000018   Data   RO          888    .rodata.UARTPrescTable  stm32wlxx_hal_uart.o
    0x08003500   0x08003500   0x00000010   Data   RO          889    .rodata.cst16       stm32wlxx_hal_uart.o
    0x08003510   0x08003510   0x00000010   Data   RO          946    .rodata.cst8        stm32wlxx_hal_uart_ex.o
    0x08003520   0x08003520   0x00000400   Data   RO          983    .rodata.s_crc_table  r_crc.o
    0x08003920   0x08003920   0x00000017   Data   RO         1112    .rodata.str1.1      memcpy_s.o
    0x08003937   0x08003937   0x00000001   PAD
    0x08003938   0x08003938   0x00000020   Data   RO         1566    Region$$Table       anon$$obj.o


    Execution Region RW_IRAM1 (Exec base: 0x20000000, Load base: 0x08003958, Size: 0x00001220, Max: 0x0000c000, ABSOLUTE)

    Exec Addr    Load Addr    Size         Type   Attr      Idx    E Section Name        Object

    0x20000000   0x08003958   0x00000008   Data   RW          633    .data..L_MergedGlobals  stm32wlxx_hal.o
    0x20000008   0x08003960   0x00000004   Data   RW          959    .data.SystemCoreClock  system_stm32wlxx.o
    0x2000000c   0x08003964   0x00000004   Data   RW           20    .data.p_uart        main.o
    0x20000010   0x08003968   0x00000004   Data   RW         1057    .data.s_bank_a_index  r_routine_update.o
    0x20000014   0x0800396c   0x00000004   PAD
    0x20000018        -       0x00000060   Zero   RW         1473    .bss                c_w.l(libspace.o)
    0x20000078        -       0x00000018   Zero   RW         1060    .bss..L_MergedGlobals  r_routine_update.o
    0x20000090        -       0x00000008   Zero   RW         1146    .bss..L_MergedGlobals  r_uart_callback.o
    0x20000098        -       0x0000010a   Zero   RW         1056    .bss.g_rx_buffer    r_routine_update.o
    0x200001a2   0x0800396c   0x00000002   PAD
    0x200001a4        -       0x00000024   Zero   RW           22    .bss.hcrc           main.o
    0x200001c8        -       0x00000094   Zero   RW           23    .bss.huart1         main.o
    0x2000025c        -       0x00000094   Zero   RW           19    .bss.huart2         main.o
    0x200002f0        -       0x00000004   Zero   RW         1125    .bss.mem_handler    safe_mem_constraint.o
    0x200002f4        -       0x00000018   Zero   RW          253    .bss.pFlash         stm32wlxx_hal_flash.o
    0x2000030c        -       0x00000800   Zero   RW         1058    .bss.s_page_buffer  r_routine_update.o
    0x20000b0c        -       0x0000010a   Zero   RW         1145    .bss.s_uart_buffer  r_uart_callback.o
    0x20000c16   0x0800396c   0x00000002   PAD
    0x20000c18        -       0x00000004   Zero   RW          632    .bss.uwTick         stm32wlxx_hal.o
    0x20000c1c   0x0800396c   0x00000004   PAD
    0x20000c20        -       0x00000200   Zero   RW            2    HEAP                startup_stm32wle5xx.o
    0x20000e20        -       0x00000400   Zero   RW            1    STACK               startup_stm32wle5xx.o


==============================================================================

Image component sizes


      Code (inc. data)   RO Data    RW Data    ZI Data      Debug   Object Name

         2          0          0          0          0        721   ignore_handler_s.o
       572         52          0          4        332       9061   main.o
       338         16          0          0          0       9271   mem_primitives_lib.o
       302        152         23          0          0       2048   memcpy_s.o
       140         72          0          0          0       1266   memset_s.o
       220          4       1024          0          0       3225   r_crc.o
       256         36         24          0          0       2515   r_eeprom_structure.o
       920         88          0          4       2338       7568   r_routine_update.o
       178         24          0          0          0       3514   r_startup.o
       108         12          0          0        274       4692   r_uart_callback.o
        16          4          0          0          4       1301   safe_mem_constraint.o
        64         26        312          0       1536        844   startup_stm32wle5xx.o
       270         24          0          8          4      11122   stm32wlxx_hal.o
       192         28          0          0          0      10106   stm32wlxx_hal_cortex.o
       112          4          0          0          0       4998   stm32wlxx_hal_crc.o
        84          4          0          0          0       2662   stm32wlxx_hal_crc_ex.o
       220          0          0          0          0       8636   stm32wlxx_hal_dma.o
       312         24          0          0         24       5527   stm32wlxx_hal_flash.o
       188          8          0          0          0       6785   stm32wlxx_hal_flash_ex.o
       656         16          0          0          0       4871   stm32wlxx_hal_gpio.o
       282         28          0          0          0       9988   stm32wlxx_hal_msp.o
        16          4          0          0          0       5369   stm32wlxx_hal_pwr.o
        12          0          0          0          0      10503   stm32wlxx_hal_pwr_ex.o
      2560        104         24          0          0      15119   stm32wlxx_hal_rcc.o
       414          8          0          0          0      11603   stm32wlxx_hal_rcc_ex.o
      3692        138         40          0          0      35120   stm32wlxx_hal_uart.o
       250          8         16          0          0      10813   stm32wlxx_hal_uart_ex.o
        36          0          0          0          0       4872   stm32wlxx_it.o
         2          0        160          4          0       2481   system_stm32wlxx.o

    ----------------------------------------------------------------------
     12428        884       1656         20       4524     206601   Object Totals
         0          0         32          0          0          0   (incl. Generated)
        14          0          1          0         12          0   (incl. Padding)

    ----------------------------------------------------------------------

      Code (inc. data)   RO Data    RW Data    ZI Data      Debug   Library Member Name

         8          0          0          0          0         68   __main.o
         0          0          0          0          0          0   __rtentry.o
        12          0          0          0          0          0   __rtentry2.o
         6          0          0          0          0          0   __rtentry4.o
        52          8          0          0          0          0   __scatter.o
        26          0          0          0          0          0   __scatter_copy.o
        28          0          0          0          0          0   __scatter_zi.o
        18          0          0          0          0         80   exit.o
         6          0          0          0          0        152   heapauxi.o
         0          0          0          0          0          0   indicate_semi.o
         2          0          0          0          0          0   libinit.o
         2          0          0          0          0          0   libinit2.o
         2          0          0          0          0          0   libshutdown.o
         2          0          0          0          0          0   libshutdown2.o
         8          4          0          0         96         68   libspace.o
       240          0          0          0          0        100   lludivv7m.o
        78          0          0          0          0         80   rt_memclr_w.o
         2          0          0          0          0          0   rtexit.o
        10          0          0          0          0          0   rtexit2.o
        12          4          0          0          0         68   sys_exit.o
        74          0          0          0          0         80   sys_stackheap_outer.o
         2          0          0          0          0         68   use_no_semi.o

    ----------------------------------------------------------------------
       596         16          0          0         96        764   Library Totals
         6          0          0          0          0          0   (incl. Padding)

    ----------------------------------------------------------------------

      Code (inc. data)   RO Data    RW Data    ZI Data      Debug   Library Name

       590         16          0          0         96        764   c_w.l

    ----------------------------------------------------------------------
       596         16          0          0         96        764   Library Totals

    ----------------------------------------------------------------------

==============================================================================


      Code (inc. data)   RO Data    RW Data    ZI Data      Debug   

     13024        900       1656         20       4620     206613   Grand Totals
     13024        900       1656         20       4620     206613   ELF Image Totals
     13024        900       1656         20          0          0   ROM Totals

==============================================================================

    Total RO  Size (Code + RO Data)                14680 (  14.34kB)
    Total RW  Size (RW Data + ZI Data)              4640 (   4.53kB)
    Total ROM Size (Code + RO Data + RW Data)      14700 (  14.36kB)

==============================================================================

